Component: ARM Compiler 5.05 (build 41) Tool: armlink [4d0eb9]

==============================================================================

Section Cross References

    ring.o(.text) refers to _printf_percent.o(.ARM.Collect$$_printf_percent$$00000000) for _printf_percent
    ring.o(.text) refers to _printf_c.o(.ARM.Collect$$_printf_percent$$00000013) for _printf_c
    ring.o(.text) refers to _printf_str.o(.text) for _printf_str
    ring.o(.text) refers to h1_alloc.o(.text) for malloc
    ring.o(.text) refers to abort.o(.text) for abort
    ring.o(.text) refers to noretval__2printf.o(.text) for __2printf
    main.o(.text) refers to _printf_percent.o(.ARM.Collect$$_printf_percent$$00000000) for _printf_percent
    main.o(.text) refers to _printf_c.o(.ARM.Collect$$_printf_percent$$00000013) for _printf_c
    main.o(.text) refers to _printf_str.o(.text) for _printf_str
    main.o(.text) refers to usart.o(.text) for USART_Init
    main.o(.text) refers to noretval__2printf.o(.text) for __2printf
    usart.o(.text) refers to _printf_percent.o(.ARM.Collect$$_printf_percent$$00000000) for _printf_percent
    usart.o(.text) refers to _printf_c.o(.ARM.Collect$$_printf_percent$$00000013) for _printf_c
    usart.o(.text) refers to _printf_str.o(.text) for _printf_str
    usart.o(.text) refers to ring.o(.text) for RingBuffer_PutChar
    usart.o(.text) refers to noretval__2printf.o(.text) for __2printf
    usart.o(.text) refers to strlen.o(.text) for strlen
    usart.o(.text) refers to stm32f4xx_hal_gpio.o(.text) for HAL_GPIO_Init
    usart.o(.text) refers to stm32f4xx_hal_cortex.o(.text) for HAL_NVIC_SetPriority
    usart.o(.text) refers to stm32f4xx_hal_uart.o(.text) for HAL_UART_Init
    usart.o(.text) refers to usart.o(.bss) for .bss
    itm_retarget.o(.rev16_text) refers (Special) to use_no_semi.o(.text) for __use_no_semihosting_swi
    itm_retarget.o(.revsh_text) refers (Special) to use_no_semi.o(.text) for __use_no_semihosting_swi
    itm_retarget.o(.rrx_text) refers (Special) to use_no_semi.o(.text) for __use_no_semihosting_swi
    itm_retarget.o(.text) refers (Special) to use_no_semi.o(.text) for __use_no_semihosting_swi
    itm_retarget.o(.text) refers to itm_retarget.o(.data) for .data
    itm_retarget.o(.data) refers (Special) to use_no_semi.o(.text) for __use_no_semihosting_swi
    itm_retarget.o(.data) refers (Special) to use_no_semi.o(.text) for __use_no_semihosting_swi
    itm_retarget.o(.data) refers (Special) to use_no_semi.o(.text) for __use_no_semihosting_swi
    itm_retarget.o(.data) refers (Special) to use_no_semi.o(.text) for __use_no_semihosting_swi
    stm32f4xx_hal.o(.text) refers to stm32f4xx_hal_rcc.o(.text) for HAL_RCC_GetHCLKFreq
    stm32f4xx_hal.o(.text) refers to stm32f4xx_hal_cortex.o(.text) for HAL_SYSTICK_Config
    stm32f4xx_hal.o(.text) refers to stm32f4xx_hal.o(.data) for .data
    stm32f4xx_hal_pwr_ex.o(.text) refers to stm32f4xx_hal.o(.text) for HAL_GetTick
    stm32f4xx_hal_rcc.o(.text) refers to stm32f4xx_hal.o(.text) for HAL_GetTick
    stm32f4xx_hal_rcc.o(.text) refers to stm32f4xx_hal_gpio.o(.text) for HAL_GPIO_Init
    stm32f4xx_hal_rcc.o(.text) refers to stm32f4xx_hal_rcc.o(.constdata) for .constdata
    stm32f4xx_hal_rcc.o(.text) refers to system_stm32f4xx.o(.data) for SystemCoreClock
    stm32f4xx_hal_rcc_ex.o(.text) refers to stm32f4xx_hal.o(.text) for HAL_GetTick
    startup_stm32f401xc.o(STACK) refers (Special) to heapauxi.o(.text) for __use_two_region_memory
    startup_stm32f401xc.o(HEAP) refers (Special) to heapauxi.o(.text) for __use_two_region_memory
    startup_stm32f401xc.o(RESET) refers (Special) to heapauxi.o(.text) for __use_two_region_memory
    startup_stm32f401xc.o(RESET) refers to startup_stm32f401xc.o(STACK) for __initial_sp
    startup_stm32f401xc.o(RESET) refers to startup_stm32f401xc.o(.text) for Reset_Handler
    startup_stm32f401xc.o(RESET) refers to usart.o(.text) for USART1_IRQHandler
    startup_stm32f401xc.o(.text) refers (Special) to heapauxi.o(.text) for __use_two_region_memory
    startup_stm32f401xc.o(.text) refers to system_stm32f4xx.o(.text) for SystemInit
    startup_stm32f401xc.o(.text) refers to __main.o(!!!main) for __main
    startup_stm32f401xc.o(.text) refers to startup_stm32f401xc.o(HEAP) for Heap_Mem
    startup_stm32f401xc.o(.text) refers to startup_stm32f401xc.o(STACK) for Stack_Mem
    system_stm32f4xx.o(.text) refers to system_stm32f4xx.o(.data) for .data
    stm32f4xx_hal_dma.o(.text) refers to stm32f4xx_hal.o(.text) for HAL_GetTick
    stm32f4xx_hal_uart.o(.text) refers to stm32f4xx_hal_rcc.o(.text) for HAL_RCC_GetPCLK2Freq
    stm32f4xx_hal_uart.o(.text) refers to usart.o(.text) for HAL_UART_MspInit
    stm32f4xx_hal_uart.o(.text) refers to stm32f4xx_hal.o(.text) for HAL_GetTick
    stm32f4xx_hal_uart.o(.text) refers to stm32f4xx_hal_dma.o(.text) for HAL_DMA_Start_IT
    stm32f4xx_hal_usart.o(.text) refers to stm32f4xx_hal_rcc.o(.text) for HAL_RCC_GetPCLK2Freq
[...]
    _get_argv.o(.text) refers to sys_command.o(.text) for _sys_command_string
    libinit2.o(.ARM.Collect$$libinit$$00000001) refers to fpinit.o(x$fpl$fpinit) for _fp_init
    libinit2.o(.ARM.Collect$$libinit$$00000005) refers (Weak) to init_alloc.o(.text) for _init_alloc
    libinit2.o(.ARM.Collect$$libinit$$00000010) refers to libinit2.o(.ARM.Collect$$libinit$$0000000F) for .ARM.Collect$$libinit$$0000000F
    libinit2.o(.ARM.Collect$$libinit$$00000012) refers to libinit2.o(.ARM.Collect$$libinit$$0000000F) for .ARM.Collect$$libinit$$0000000F
    libinit2.o(.ARM.Collect$$libinit$$00000014) refers to libinit2.o(.ARM.Collect$$libinit$$0000000F) for .ARM.Collect$$libinit$$0000000F
    libinit2.o(.ARM.Collect$$libinit$$00000016) refers to libinit2.o(.ARM.Collect$$libinit$$0000000F) for .ARM.Collect$$libinit$$0000000F
    libinit2.o(.ARM.Collect$$libinit$$00000018) refers to libinit2.o(.ARM.Collect$$libinit$$0000000F) for .ARM.Collect$$libinit$$0000000F
    libinit2.o(.ARM.Collect$$libinit$$00000026) refers to argv_veneer.o(.emb_text) for __ARM_argv_veneer
    libinit2.o(.ARM.Collect$$libinit$$00000027) refers to argv_veneer.o(.emb_text) for __ARM_argv_veneer
    sys_command.o(.text) refers (Special) to use_no_semi.o(.text) for __I$use$semihosting
    sys_command.o(.text) refers (Special) to indicate_semi.o(.text) for __semihosting_library_function
    libspace.o(.text) refers to libspace.o(.bss) for __libspace_start
    __rtentry2.o(.ARM.Collect$$rtentry$$00000008) refers to boardinit2.o(.text) for _platform_post_stackheap_init
    __rtentry2.o(.ARM.Collect$$rtentry$$0000000A) refers to libinit.o(.ARM.Collect$$libinit$$00000000) for __rt_lib_init
    __rtentry2.o(.ARM.Collect$$rtentry$$0000000B) refers to boardinit3.o(.text) for _platform_post_lib_init
    __rtentry2.o(.ARM.Collect$$rtentry$$0000000D) refers to main.o(.text) for main
    __rtentry2.o(.ARM.Collect$$rtentry$$0000000D) refers to exit.o(.text) for exit
    __rtentry2.o(.ARM.exidx) refers to __rtentry2.o(.ARM.Collect$$rtentry$$00000001) for .ARM.Collect$$rtentry$$00000001
    __rtentry2.o(.ARM.exidx) refers to __rtentry2.o(.ARM.Collect$$rtentry$$00000008) for .ARM.Collect$$rtentry$$00000008
    __rtentry2.o(.ARM.exidx) refers to __rtentry2.o(.ARM.Collect$$rtentry$$0000000A) for .ARM.Collect$$rtentry$$0000000A
    __rtentry2.o(.ARM.exidx) refers to __rtentry2.o(.ARM.Collect$$rtentry$$0000000B) for .ARM.Collect$$rtentry$$0000000B
    __rtentry2.o(.ARM.exidx) refers to __rtentry2.o(.ARM.Collect$$rtentry$$0000000D) for .ARM.Collect$$rtentry$$0000000D
    __rtentry4.o(.ARM.Collect$$rtentry$$00000004) refers to sys_stackheap_outer.o(.text) for __user_setup_stackheap
    __rtentry4.o(.ARM.exidx) refers to __rtentry4.o(.ARM.Collect$$rtentry$$00000004) for .ARM.Collect$$rtentry$$00000004
    rt_raise.o(.text) refers to __raise.o(.text) for __raise
    rt_raise.o(.text) refers to itm_retarget.o(.text) for _sys_exit
    maybetermalloc2.o(.emb_text) refers (Special) to term_alloc.o(.text) for _terminate_alloc
    h1_extend.o(.text) refers to h1_free.o(.text) for free
    h1_extend_mt.o(.text) refers to h1_free_mt.o(.text) for _free_internal
    _printf_char_common.o(.text) refers to __printf.o(.text) for __printf
    defsig_exit.o(.text) refers to itm_retarget.o(.text) for _sys_exit
    defsig_abrt_inner.o(.text) refers to defsig_general.o(.text) for __default_signal_display
    defsig_rtmem_outer.o(.text) refers to defsig_rtmem_inner.o(.text) for __rt_SIGRTMEM_inner
    defsig_rtmem_outer.o(.text) refers to defsig_exit.o(.text) for __sig_exit
    defsig_rtmem_formal.o(.text) refers to rt_raise.o(.text) for __rt_raise
    heapauxa.o(.text) refers to heapauxa.o(.data) for .data
    argv_veneer.o(.emb_text) refers to no_argv.o(.text) for __ARM_get_argv
    sys_stackheap_outer.o(.text) refers to libspace.o(.text) for __user_perproc_libspace
    sys_stackheap_outer.o(.text) refers to startup_stm32f401xc.o(.text) for __user_initial_stackheap
    term_alloc.o(.text) refers (Special) to libshutdown2.o(.ARM.Collect$$libshutdown$$0000000D) for __rt_lib_shutdown_heap_2
    term_alloc.o(.text) refers to rt_heap_descriptor_intlibspace.o(.text) for __rt_heap_descriptor
    term_alloc.o(.text) refers to h1_final.o(.text) for __Heap_Finalize
    exit.o(.text) refers to rtexit.o(.ARM.Collect$$rtexit$$00000000) for __rt_exit
    __raise.o(.text) refers to defsig.o(CL$$defsig) for __default_signal_handler
    defsig_general.o(.text) refers to itm_retarget.o(.text) for _ttywrch
    defsig_rtmem_inner.o(.text) refers to defsig_general.o(.text) for __default_signal_display
    _get_argv_nomalloc.o(.text) refers (Special) to hrguard.o(.text) for __heap_region$guard
    _get_argv_nomalloc.o(.text) refers to defsig_rtmem_outer.o(.text) for __rt_SIGRTMEM
    _get_argv_nomalloc.o(.text) refers to sys_command.o(.text) for _sys_command_string
    libinit.o(.ARM.Collect$$libinit$$00000000) refers (Special) to libinit2.o(.ARM.Collect$$libinit$$0000002E) for __rt_lib_init_alloca_1
    libinit.o(.ARM.Collect$$libinit$$00000000) refers (Special) to libinit2.o(.ARM.Collect$$libinit$$0000002C) for __rt_lib_init_argv_1
    libinit.o(.ARM.Collect$$libinit$$00000000) refers (Special) to libinit2.o(.ARM.Collect$$libinit$$0000001B) for __rt_lib_init_atexit_1
    libinit.o(.ARM.Collect$$libinit$$00000000) refers (Special) to libinit2.o(.ARM.Collect$$libinit$$00000021) for __rt_lib_init_clock_1
    libinit.o(.ARM.Collect$$libinit$$00000000) refers (Special) to libinit2.o(.ARM.Collect$$libinit$$00000032) for __rt_lib_init_cpp_1
    libinit.o(.ARM.Collect$$libinit$$00000000) refers (Special) to libinit2.o(.ARM.Collect$$libinit$$00000030) for __rt_lib_init_exceptions_1
    libinit.o(.ARM.Collect$$libinit$$00000000) refers (Special) to libinit2.o(.ARM.Collect$$libinit$$00000001) for __rt_lib_init_fp_1
    libinit.o(.ARM.Collect$$libinit$$00000000) refers (Special) to libinit2.o(.ARM.Collect$$libinit$$0000001F) for __rt_lib_init_fp_trap_1
    libinit.o(.ARM.Collect$$libinit$$00000000) refers (Special) to libinit2.o(.ARM.Collect$$libinit$$00000023) for __rt_lib_init_getenv_1
    libinit.o(.ARM.Collect$$libinit$$00000000) refers (Special) to libinit2.o(.ARM.Collect$$libinit$$0000000A) for __rt_lib_init_heap_1
    libinit.o(.ARM.Collect$$libinit$$00000000) refers (Special) to libinit2.o(.ARM.Collect$$libinit$$00000011) for __rt_lib_init_lc_collate_1
    libinit.o(.ARM.Collect$$libinit$$00000000) refers (Special) to libinit2.o(.ARM.Collect$$libinit$$00000013) for __rt_lib_init_lc_ctype_1
    libinit.o(.ARM.Collect$$libinit$$00000000) refers (Special) to libinit2.o(.ARM.Collect$$libinit$$00000015) for __rt_lib_init_lc_monetary_1
    libinit.o(.ARM.Collect$$libinit$$00000000) refers (Special) to libinit2.o(.ARM.Collect$$libinit$$00000017) for __rt_lib_init_lc_numeric_1
    libinit.o(.ARM.Collect$$libinit$$00000000) refers (Special) to libinit2.o(.ARM.Collect$$libinit$$00000019) for __rt_lib_init_lc_time_1
    libinit.o(.ARM.Collect$$libinit$$00000000) refers (Special) to libinit2.o(.ARM.Collect$$libinit$$00000004) for __rt_lib_init_preinit_1
    libinit.o(.ARM.Collect$$libinit$$00000000) refers (Special) to libinit2.o(.ARM.Collect$$libinit$$0000000E) for __rt_lib_init_rand_1
    libinit.o(.ARM.Collect$$libinit$$00000000) refers (Special) to libinit2.o(.ARM.Collect$$libinit$$00000033) for __rt_lib_init_return
    libinit.o(.ARM.Collect$$libinit$$00000000) refers (Special) to libinit2.o(.ARM.Collect$$libinit$$0000001D) for __rt_lib_init_signal_1
    libinit.o(.ARM.Collect$$libinit$$00000000) refers (Special) to libinit2.o(.ARM.Collect$$libinit$$00000025) for __rt_lib_init_stdio_1
    libinit.o(.ARM.Collect$$libinit$$00000000) refers (Special) to libinit2.o(.ARM.Collect$$libinit$$0000000C) for __rt_lib_init_user_alloc_1
    rtexit.o(.ARM.Collect$$rtexit$$00000000) refers (Special) to rtexit2.o(.ARM.Collect$$rtexit$$00000004) for __rt_exit_exit
    rtexit.o(.ARM.Collect$$rtexit$$00000000) refers (Special) to rtexit2.o(.ARM.Collect$$rtexit$$00000003) for __rt_exit_ls
    rtexit.o(.ARM.Collect$$rtexit$$00000000) refers (Special) to rtexit2.o(.ARM.Collect$$rtexit$$00000002) for __rt_exit_prels_1
    rtexit.o(.ARM.exidx) refers (Special) to rtexit2.o(.ARM.Collect$$rtexit$$00000004) for __rt_exit_exit
    rtexit.o(.ARM.exidx) refers (Special) to rtexit2.o(.ARM.Collect$$rtexit$$00000003) for __rt_exit_ls
    rtexit.o(.ARM.exidx) refers (Special) to rtexit2.o(.ARM.Collect$$rtexit$$00000002) for __rt_exit_prels_1
    rtexit.o(.ARM.exidx) refers to rtexit.o(.ARM.Collect$$rtexit$$00000000) for .ARM.Collect$$rtexit$$00000000
    defsig.o(CL$$defsig) refers to defsig_abrt_inner.o(.text) for __rt_SIGABRT_inner
    defsig.o(CL$$defsig) refers to defsig_rtmem_inner.o(.text) for __rt_SIGRTMEM_inner
    libshutdown2.o(.ARM.Collect$$libshutdown$$0000000C) refers (Weak) to term_alloc.o(.text) for _terminate_alloc
    rtexit2.o(.ARM.Collect$$rtexit$$00000003) refers to libshutdown.o(.ARM.Collect$$libshutdown$$00000000) for __rt_lib_shutdown
    rtexit2.o(.ARM.Collect$$rtexit$$00000004) refers to itm_retarget.o(.text) for _sys_exit
    rtexit2.o(.ARM.exidx) refers to rtexit2.o(.ARM.Collect$$rtexit$$00000001) for .ARM.Collect$$rtexit$$00000001
    rtexit2.o(.ARM.exidx) refers to rtexit2.o(.ARM.Collect$$rtexit$$00000003) for .ARM.Collect$$rtexit$$00000003
    rtexit2.o(.ARM.exidx) refers to rtexit2.o(.ARM.Collect$$rtexit$$00000004) for .ARM.Collect$$rtexit$$00000004
    defsig_fpe_inner.o(.text) refers to defsig_general.o(.text) for __default_signal_display
    defsig_rtred_inner.o(.text) refers to defsig_general.o(.text) for __default_signal_display
    defsig_stak_inner.o(.text) refers to defsig_general.o(.text) for __default_signal_display
    defsig_pvfn_inner.o(.text) refers to defsig_general.o(.text) for __default_signal_display
    defsig_cppl_inner.o(.text) refers to defsig_general.o(.text) for __default_signal_display
    defsig_segv_inner.o(.text) refers to defsig_general.o(.text) for __default_signal_display
    defsig_other.o(.text) refers to defsig_general.o(.text) for __default_signal_display
    libshutdown.o(.ARM.Collect$$libshutdown$$00000000) refers (Special) to libshutdown2.o(.ARM.Collect$$libshutdown$$00000006) for __rt_lib_shutdown_fp_trap_1
    libshutdown.o(.ARM.Collect$$libshutdown$$00000000) refers (Special) to libshutdown2.o(.ARM.Collect$$libshutdown$$0000000E) for __rt_lib_shutdown_heap_1
    libshutdown.o(.ARM.Collect$$libshutdown$$00000000) refers (Special) to libshutdown2.o(.ARM.Collect$$libshutdown$$0000000F) for __rt_lib_shutdown_return
    libshutdown.o(.ARM.Collect$$libshutdown$$00000000) refers (Special) to libshutdown2.o(.ARM.Collect$$libshutdown$$00000009) for __rt_lib_shutdown_signal_1
    libshutdown.o(.ARM.Collect$$libshutdown$$00000000) refers (Special) to libshutdown2.o(.ARM.Collect$$libshutdown$$00000003) for __rt_lib_shutdown_stdio_1
    libshutdown.o(.ARM.Collect$$libshutdown$$00000000) refers (Special) to libshutdown2.o(.ARM.Collect$$libshutdown$$0000000B) for __rt_lib_shutdown_user_alloc_1


==============================================================================

Removing Unused input sections from the image.

    Removing usart.o(.rev16_text), (4 bytes).
    Removing usart.o(.revsh_text), (4 bytes).
    Removing usart.o(.rrx_text), (6 bytes).
    Removing core.o(.rev16_text), (4 bytes).
    Removing core.o(.revsh_text), (4 bytes).
    Removing core.o(.rrx_text), (6 bytes).
    Removing core.o(.text), (8 bytes).
    Removing itm_retarget.o(.rev16_text), (4 bytes).
    Removing itm_retarget.o(.revsh_text), (4 bytes).
    Removing itm_retarget.o(.rrx_text), (6 bytes).
    Removing itm_retarget.o(.data), (4 bytes).
    Removing itm_retarget.o(.data), (4 bytes).
    Removing usart_stm32f4xx.o(.rev16_text), (4 bytes).
    Removing usart_stm32f4xx.o(.revsh_text), (4 bytes).
    Removing usart_stm32f4xx.o(.rrx_text), (6 bytes).
    Removing usart_stm32f4xx.o(.text), (470 bytes).
    Removing stm32f4xx_hal.o(.rev16_text), (4 bytes).
    Removing stm32f4xx_hal.o(.revsh_text), (4 bytes).
    Removing stm32f4xx_hal.o(.rrx_text), (6 bytes).
    Removing stm32f4xx_hal_cortex.o(.rev16_text), (4 bytes).
    Removing stm32f4xx_hal_cortex.o(.revsh_text), (4 bytes).
    Removing stm32f4xx_hal_cortex.o(.rrx_text), (6 bytes).
    Removing stm32f4xx_hal_gpio.o(.rev16_text), (4 bytes).
    Removing stm32f4xx_hal_gpio.o(.revsh_text), (4 bytes).
    Removing stm32f4xx_hal_gpio.o(.rrx_text), (6 bytes).
    Removing stm32f4xx_hal_pwr.o(.rev16_text), (4 bytes).
    Removing stm32f4xx_hal_pwr.o(.revsh_text), (4 bytes).
    Removing stm32f4xx_hal_pwr.o(.rrx_text), (6 bytes).
    Removing stm32f4xx_hal_pwr.o(.text), (300 bytes).
    Removing stm32f4xx_hal_pwr_ex.o(.rev16_text), (4 bytes).
    Removing stm32f4xx_hal_pwr_ex.o(.revsh_text), (4 bytes).
    Removing stm32f4xx_hal_pwr_ex.o(.rrx_text), (6 bytes).
    Removing stm32f4xx_hal_pwr_ex.o(.text), (160 bytes).
    Removing stm32f4xx_hal_rcc.o(.rev16_text), (4 bytes).
    Removing stm32f4xx_hal_rcc.o(.revsh_text), (4 bytes).
    Removing stm32f4xx_hal_rcc.o(.rrx_text), (6 bytes).
    Removing stm32f4xx_hal_rcc_ex.o(.rev16_text), (4 bytes).
    Removing stm32f4xx_hal_rcc_ex.o(.revsh_text), (4 bytes).
    Removing stm32f4xx_hal_rcc_ex.o(.rrx_text), (6 bytes).
    Removing stm32f4xx_hal_rcc_ex.o(.text), (404 bytes).
    Removing system_stm32f4xx.o(.rev16_text), (4 bytes).
    Removing system_stm32f4xx.o(.revsh_text), (4 bytes).
    Removing system_stm32f4xx.o(.rrx_text), (6 bytes).
    Removing stm32f4xx_hal_dma.o(.rev16_text), (4 bytes).
    Removing stm32f4xx_hal_dma.o(.revsh_text), (4 bytes).
    Removing stm32f4xx_hal_dma.o(.rrx_text), (6 bytes).
    Removing stm32f4xx_hal_dma_ex.o(.rev16_text), (4 bytes).
    Removing stm32f4xx_hal_dma_ex.o(.revsh_text), (4 bytes).
    Removing stm32f4xx_hal_dma_ex.o(.rrx_text), (6 bytes).
    Removing stm32f4xx_hal_dma_ex.o(.text), (278 bytes).
    Removing stm32f4xx_hal_uart.o(.rev16_text), (4 bytes).
    Removing stm32f4xx_hal_uart.o(.revsh_text), (4 bytes).
    Removing stm32f4xx_hal_uart.o(.rrx_text), (6 bytes).
    Removing stm32f4xx_hal_usart.o(.rev16_text), (4 bytes).
    Removing stm32f4xx_hal_usart.o(.revsh_text), (4 bytes).
    Removing stm32f4xx_hal_usart.o(.rrx_text), (6 bytes).
    Removing stm32f4xx_hal_usart.o(.text), (3008 bytes).

57 unused section(s) (total 4860 bytes) removed from the image.

==============================================================================

Image Symbol Table

    Local Symbols

    Symbol Name                              Value     Ov Type        Size  Object(Section)

    ../clib/angel/boardlib.s                 0x00000000   Number         0  boardshut.o ABSOLUTE
    ../clib/angel/boardlib.s                 0x00000000   Number         0  boardinit3.o ABSOLUTE
    ../clib/angel/boardlib.s                 0x00000000   Number         0  boardinit2.o ABSOLUTE
    ../clib/angel/boardlib.s                 0x00000000   Number         0  boardinit1.o ABSOLUTE
    ../clib/angel/handlers.s                 0x00000000   Number         0  __scatter_zi.o ABSOLUTE
    ../clib/angel/handlers.s                 0x00000000   Number         0  __scatter_copy.o ABSOLUTE
    ../clib/angel/kernel.s                   0x00000000   Number         0  __rtentry4.o ABSOLUTE
    ../clib/angel/kernel.s                   0x00000000   Number         0  rtexit.o ABSOLUTE
    ../clib/angel/kernel.s                   0x00000000   Number         0  __rtentry.o ABSOLUTE
    ../clib/angel/kernel.s                   0x00000000   Number         0  rtexit2.o ABSOLUTE
    ../clib/angel/kernel.s                   0x00000000   Number         0  __rtentry2.o ABSOLUTE
    ../clib/angel/rt.s                       0x00000000   Number         0  rt_raise.o ABSOLUTE
    ../clib/angel/rt.s                       0x00000000   Number         0  rt_heap_descriptor.o ABSOLUTE
    ../clib/angel/rt.s                       0x00000000   Number         0  rt_heap_descriptor_intlibspace.o ABSOLUTE
    ../clib/angel/scatter.s                  0x00000000   Number         0  __scatter.o ABSOLUTE
    ../clib/angel/startup.s                  0x00000000   Number         0  __main.o ABSOLUTE
    ../clib/angel/sys.s                      0x00000000   Number         0  use_no_semi.o ABSOLUTE
    ../clib/angel/sys.s                      0x00000000   Number         0  mutex_dummy.o ABSOLUTE
    ../clib/angel/sys.s                      0x00000000   Number         0  libspace.o ABSOLUTE
    ../clib/angel/sys.s                      0x00000000   Number         0  indicate_semi.o ABSOLUTE
    ../clib/angel/sys.s                      0x00000000   Number         0  sys_stackheap_outer.o ABSOLUTE
    ../clib/angel/sysapp.c                   0x00000000   Number         0  sys_command.o ABSOLUTE
    ../clib/armsys.c                         0x00000000   Number         0  argv_veneer.o ABSOLUTE
    ../clib/armsys.c                         0x00000000   Number         0  _get_argv.o ABSOLUTE
    ../clib/armsys.c                         0x00000000   Number         0  argv_veneer.o ABSOLUTE
    ../clib/armsys.c                         0x00000000   Number         0  no_argv.o ABSOLUTE
    ../clib/armsys.c                         0x00000000   Number         0  _get_argv_nomalloc.o ABSOLUTE
    ../clib/heap1.c                          0x00000000   Number         0  h1_init.o ABSOLUTE
    ../clib/heap1.c                          0x00000000   Number         0  h1_free.o ABSOLUTE
    ../clib/heap1.c                          0x00000000   Number         0  h1_free_mt.o ABSOLUTE
    ../clib/heap1.c                          0x00000000   Number         0  h1_extend.o ABSOLUTE
    ../clib/heap1.c                          0x00000000   Number         0  h1_alloc.o ABSOLUTE
    ../clib/heap1.c                          0x00000000   Number         0  h1_final.o ABSOLUTE
    ../clib/heap1.c                          0x00000000   Number         0  h1_final_mt.o ABSOLUTE
    ../clib/heap1.c                          0x00000000   Number         0  h1_extend_mt.o ABSOLUTE
    ../clib/heap1.c                          0x00000000   Number         0  h1_alloc_mt.o ABSOLUTE
    ../clib/heap1.c                          0x00000000   Number         0  h1_init_mt.o ABSOLUTE
    ../clib/heap2.c                          0x00000000   Number         0  heap2mt.o ABSOLUTE
    ../clib/heap2.c                          0x00000000   Number         0  fdtree.o ABSOLUTE
    ../clib/heap2.c                          0x00000000   Number         0  heap2.o ABSOLUTE
    ../clib/heapalloc.c                      0x00000000   Number         0  hguard.o ABSOLUTE
    ../clib/heapalloc.c                      0x00000000   Number         0  init_alloc.o ABSOLUTE
    ../clib/heapalloc.c                      0x00000000   Number         0  free.o ABSOLUTE
    ../clib/heapalloc.c                      0x00000000   Number         0  heapstubs.o ABSOLUTE
    ../clib/heapalloc.c                      0x00000000   Number         0  term_alloc.o ABSOLUTE
    ../clib/heapalloc.c                      0x00000000   Number         0  maybetermalloc2.o ABSOLUTE
    ../clib/heapalloc.c                      0x00000000   Number         0  maybetermalloc2.o ABSOLUTE
    ../clib/heapalloc.c                      0x00000000   Number         0  maybetermalloc1.o ABSOLUTE
    ../clib/heapalloc.c                      0x00000000   Number         0  hrguard.o ABSOLUTE
    ../clib/heapalloc.c                      0x00000000   Number         0  maybetermalloc1.o ABSOLUTE
    ../clib/heapalloc.c                      0x00000000   Number         0  malloc.o ABSOLUTE
    ../clib/heapaux.c                        0x00000000   Number         0  heapauxi.o ABSOLUTE
    ../clib/heapaux.c                        0x00000000   Number         0  heapauxa.o ABSOLUTE
    ../clib/libinit.s                        0x00000000   Number         0  libinit.o ABSOLUTE
    ../clib/libinit.s                        0x00000000   Number         0  libshutdown2.o ABSOLUTE
    ../clib/libinit.s                        0x00000000   Number         0  libshutdown.o ABSOLUTE
    ../clib/libinit.s                        0x00000000   Number         0  libinit2.o ABSOLUTE
    ../clib/memcpset.s                       0x00000000   Number         0  rt_memcpy_w.o ABSOLUTE
    ../clib/printf.c                         0x00000000   Number         0  noretval__2printf.o ABSOLUTE
    ../clib/printf.c                         0x00000000   Number         0  __printf.o ABSOLUTE
    ../clib/printf.c                         0x00000000   Number         0  _printf_str.o ABSOLUTE
    ../clib/printf.c                         0x00000000   Number         0  _printf_char_file.o ABSOLUTE
    ../clib/printf.c                         0x00000000   Number         0  __printf_flags.o ABSOLUTE
    ../clib/printf.c                         0x00000000   Number         0  __printf_ss.o ABSOLUTE
    ../clib/printf.c                         0x00000000   Number         0  __printf_wp.o ABSOLUTE
    ../clib/printf.c                         0x00000000   Number         0  __printf_flags_wp.o ABSOLUTE
    ../clib/printf.c                         0x00000000   Number         0  __printf_ss_wp.o ABSOLUTE
    ../clib/printf.c                         0x00000000   Number         0  __printf_flags_ss_wp.o ABSOLUTE
    ../clib/printf.c                         0x00000000   Number         0  _printf_char.o ABSOLUTE
    ../clib/printf.c                         0x00000000   Number         0  __printf_nopercent.o ABSOLUTE
    ../clib/printf.c                         0x00000000   Number         0  _printf_char_common.o ABSOLUTE
    ../clib/printf.c                         0x00000000   Number         0  __2printf.o ABSOLUTE
    ../clib/printf.c                         0x00000000   Number         0  __printf_flags_ss.o ABSOLUTE
    ../clib/printf_percent.s                 0x00000000   Number         0  _printf_c.o ABSOLUTE
    ../clib/printf_percent.s                 0x00000000   Number         0  _printf_percent_end.o ABSOLUTE
    ../clib/printf_percent.s                 0x00000000   Number         0  _printf_percent.o ABSOLUTE
    ../clib/signal.c                         0x00000000   Number         0  defsig_fpe_inner.o ABSOLUTE
    ../clib/signal.c                         0x00000000   Number         0  defsig_abrt_inner.o ABSOLUTE
    ../clib/signal.c                         0x00000000   Number         0  defsig_rtred_inner.o ABSOLUTE
    ../clib/signal.c                         0x00000000   Number         0  defsig_stak_inner.o ABSOLUTE
    ../clib/signal.c                         0x00000000   Number         0  defsig_pvfn_inner.o ABSOLUTE
    ../clib/signal.c                         0x00000000   Number         0  defsig_cppl_inner.o ABSOLUTE
    ../clib/signal.c                         0x00000000   Number         0  defsig_segv_inner.o ABSOLUTE
    ../clib/signal.c                         0x00000000   Number         0  defsig_other.o ABSOLUTE
    ../clib/signal.c                         0x00000000   Number         0  defsig_rtmem_formal.o ABSOLUTE
    ../clib/signal.c                         0x00000000   Number         0  defsig_rtmem_outer.o ABSOLUTE
    ../clib/signal.c                         0x00000000   Number         0  defsig_general.o ABSOLUTE
    ../clib/signal.c                         0x00000000   Number         0  __raise.o ABSOLUTE
    ../clib/signal.c                         0x00000000   Number         0  defsig_abrt_outer.o ABSOLUTE
    ../clib/signal.c                         0x00000000   Number         0  defsig_rtmem_inner.o ABSOLUTE
    ../clib/signal.c                         0x00000000   Number         0  defsig_abrt_formal.o ABSOLUTE
    ../clib/signal.c                         0x00000000   Number         0  defsig_exit.o ABSOLUTE
    ../clib/signal.s                         0x00000000   Number         0  defsig.o ABSOLUTE
    ../clib/stdio.c                          0x00000000   Number         0  ferror_locked.o ABSOLUTE
    ../clib/stdio.c                          0x00000000   Number         0  ferror.o ABSOLUTE
    ../clib/stdlib.c                         0x00000000   Number         0  exit.o ABSOLUTE
    ../clib/stdlib.c                         0x00000000   Number         0  abort.o ABSOLUTE
    ../clib/string.c                         0x00000000   Number         0  strlen.o ABSOLUTE
    ../fplib/fpinit.s                        0x00000000   Number         0  fpinit.o ABSOLUTE
    D:\Programy\Na Studia!!\TMP2\Keil_v5\Pack\Keil\STM32F4xx_DFP\2.3.0\CMSIS\Driver\USART_STM32F4xx.c 0x00000000   Number         0  usart_stm32f4xx.o ABSOLUTE
    D:\Programy\Na Studia!!\TMP2\Keil_v5\Pack\Keil\STM32F4xx_DFP\2.3.0\Drivers\STM32F4xx_HAL_Driver\Src\stm32f4xx_hal.c 0x00000000   Number         0  stm32f4xx_hal.o ABSOLUTE
    D:\Programy\Na Studia!!\TMP2\Keil_v5\Pack\Keil\STM32F4xx_DFP\2.3.0\Drivers\STM32F4xx_HAL_Driver\Src\stm32f4xx_hal_cortex.c 0x00000000   Number         0  stm32f4xx_hal_cortex.o ABSOLUTE
    D:\Programy\Na Studia!!\TMP2\Keil_v5\Pack\Keil\STM32F4xx_DFP\2.3.0\Drivers\STM32F4xx_HAL_Driver\Src\stm32f4xx_hal_dma.c 0x00000000   Number         0  stm32f4xx_hal_dma.o ABSOLUTE
    D:\Programy\Na Studia!!\TMP2\Keil_v5\Pack\Keil\STM32F4xx_DFP\2.3.0\Drivers\STM32F4xx_HAL_Driver\Src\stm32f4xx_hal_dma_ex.c 0x00000000   Number         0  stm32f4xx_hal_dma_ex.o ABSOLUTE
    D:\Programy\Na Studia!!\TMP2\Keil_v5\Pack\Keil\STM32F4xx_DFP\2.3.0\Drivers\STM32F4xx_HAL_Driver\Src\stm32f4xx_hal_gpio.c 0x00000000   Number         0  stm32f4xx_hal_gpio.o ABSOLUTE
    D:\Programy\Na Studia!!\TMP2\Keil_v5\Pack\Keil\STM32F4xx_DFP\2.3.0\Drivers\STM32F4xx_HAL_Driver\Src\stm32f4xx_hal_pwr.c 0x00000000   Number         0  stm32f4xx_hal_pwr.o ABSOLUTE
    D:\Programy\Na Studia!!\TMP2\Keil_v5\Pack\Keil\STM32F4xx_DFP\2.3.0\Drivers\STM32F4xx_HAL_Driver\Src\stm32f4xx_hal_pwr_ex.c 0x00000000   Number         0  stm32f4xx_hal_pwr_ex.o ABSOLUTE
    D:\Programy\Na Studia!!\TMP2\Keil_v5\Pack\Keil\STM32F4xx_DFP\2.3.0\Drivers\STM32F4xx_HAL_Driver\Src\stm32f4xx_hal_rcc.c 0x00000000   Number         0  stm32f4xx_hal_rcc.o ABSOLUTE
    D:\Programy\Na Studia!!\TMP2\Keil_v5\Pack\Keil\STM32F4xx_DFP\2.3.0\Drivers\STM32F4xx_HAL_Driver\Src\stm32f4xx_hal_rcc_ex.c 0x00000000   Number         0  stm32f4xx_hal_rcc_ex.o ABSOLUTE
    D:\Programy\Na Studia!!\TMP2\Keil_v5\Pack\Keil\STM32F4xx_DFP\2.3.0\Drivers\STM32F4xx_HAL_Driver\Src\stm32f4xx_hal_uart.c 0x00000000   Number         0  stm32f4xx_hal_uart.o ABSOLUTE
    D:\Programy\Na Studia!!\TMP2\Keil_v5\Pack\Keil\STM32F4xx_DFP\2.3.0\Drivers\STM32F4xx_HAL_Driver\Src\stm32f4xx_hal_usart.c 0x00000000   Number         0  stm32f4xx_hal_usart.o ABSOLUTE
    D:\\Programy\\Na Studia!!\\TMP2\\Keil_v5\\Pack\\Keil\\STM32F4xx_DFP\\2.3.0\\CMSIS\\Driver\\USART_STM32F4xx.c 0x00000000   Number         0  usart_stm32f4xx.o ABSOLUTE
    D:\\Programy\\Na Studia!!\\TMP2\\Keil_v5\\Pack\\Keil\\STM32F4xx_DFP\\2.3.0\\Drivers\\STM32F4xx_HAL_Driver\\Src\\stm32f4xx_hal.c 0x00000000   Number         0  stm32f4xx_hal.o ABSOLUTE
    D:\\Programy\\Na Studia!!\\TMP2\\Keil_v5\\Pack\\Keil\\STM32F4xx_DFP\\2.3.0\\Drivers\\STM32F4xx_HAL_Driver\\Src\\stm32f4xx_hal_cortex.c 0x00000000   Number         0  stm32f4xx_hal_cortex.o ABSOLUTE
    D:\\Programy\\Na Studia!!\\TMP2\\Keil_v5\\Pack\\Keil\\STM32F4xx_DFP\\2.3.0\\Drivers\\STM32F4xx_HAL_Driver\\Src\\stm32f4xx_hal_dma.c 0x00000000   Number         0  stm32f4xx_hal_dma.o ABSOLUTE
    D:\\Programy\\Na Studia!!\\TMP2\\Keil_v5\\Pack\\Keil\\STM32F4xx_DFP\\2.3.0\\Drivers\\STM32F4xx_HAL_Driver\\Src\\stm32f4xx_hal_dma_ex.c 0x00000000   Number         0  stm32f4xx_hal_dma_ex.o ABSOLUTE
    D:\\Programy\\Na Studia!!\\TMP2\\Keil_v5\\Pack\\Keil\\STM32F4xx_DFP\\2.3.0\\Drivers\\STM32F4xx_HAL_Driver\\Src\\stm32f4xx_hal_gpio.c 0x00000000   Number         0  stm32f4xx_hal_gpio.o ABSOLUTE
    D:\\Programy\\Na Studia!!\\TMP2\\Keil_v5\\Pack\\Keil\\STM32F4xx_DFP\\2.3.0\\Drivers\\STM32F4xx_HAL_Driver\\Src\\stm32f4xx_hal_pwr.c 0x00000000   Number         0  stm32f4xx_hal_pwr.o ABSOLUTE
    D:\\Programy\\Na Studia!!\\TMP2\\Keil_v5\\Pack\\Keil\\STM32F4xx_DFP\\2.3.0\\Drivers\\STM32F4xx_HAL_Driver\\Src\\stm32f4xx_hal_pwr_ex.c 0x00000000   Number         0  stm32f4xx_hal_pwr_ex.o ABSOLUTE
    D:\\Programy\\Na Studia!!\\TMP2\\Keil_v5\\Pack\\Keil\\STM32F4xx_DFP\\2.3.0\\Drivers\\STM32F4xx_HAL_Driver\\Src\\stm32f4xx_hal_rcc.c 0x00000000   Number         0  stm32f4xx_hal_rcc.o ABSOLUTE
    D:\\Programy\\Na Studia!!\\TMP2\\Keil_v5\\Pack\\Keil\\STM32F4xx_DFP\\2.3.0\\Drivers\\STM32F4xx_HAL_Driver\\Src\\stm32f4xx_hal_rcc_ex.c 0x00000000   Number         0  stm32f4xx_hal_rcc_ex.o ABSOLUTE
    D:\\Programy\\Na Studia!!\\TMP2\\Keil_v5\\Pack\\Keil\\STM32F4xx_DFP\\2.3.0\\Drivers\\STM32F4xx_HAL_Driver\\Src\\stm32f4xx_hal_uart.c 0x00000000   Number         0  stm32f4xx_hal_uart.o ABSOLUTE
    D:\\Programy\\Na Studia!!\\TMP2\\Keil_v5\\Pack\\Keil\\STM32F4xx_DFP\\2.3.0\\Drivers\\STM32F4xx_HAL_Driver\\Src\\stm32f4xx_hal_usart.c 0x00000000   Number         0  stm32f4xx_hal_usart.o ABSOLUTE
    ITM_Retarget.c                           0x00000000   Number         0  itm_retarget.o ABSOLUTE
    ITM_Retarget.c                           0x00000000   Number         0  itm_retarget.o ABSOLUTE
    RTE\Device\STM32F401VCTx\startup_stm32f401xc.s 0x00000000   Number         0  startup_stm32f401xc.o ABSOLUTE
    RTE\Device\STM32F401VCTx\system_stm32f4xx.c 0x00000000   Number         0  system_stm32f4xx.o ABSOLUTE
    RTE\\Device\\STM32F401VCTx\\system_stm32f4xx.c 0x00000000   Number         0  system_stm32f4xx.o ABSOLUTE
    core.c                                   0x00000000   Number         0  core.o ABSOLUTE
    core.c                                   0x00000000   Number         0  core.o ABSOLUTE
    dc.s                                     0x00000000   Number         0  dc.o ABSOLUTE
    main.c                                   0x00000000   Number         0  main.o ABSOLUTE
    ring.c                                   0x00000000   Number         0  ring.o ABSOLUTE
    usart.c                                  0x00000000   Number         0  usart.o ABSOLUTE
    usart.c                                  0x00000000   Number         0  usart.o ABSOLUTE
    RESET                                    0x08000000   Section      404  startup_stm32f401xc.o(RESET)
    !!!main                                  0x08000194   Section        8  __main.o(!!!main)
    !!!scatter                               0x0800019c   Section       52  __scatter.o(!!!scatter)
    !!handler_copy                           0x080001d0   Section       26  __scatter_copy.o(!!handler_copy)
    !!handler_zi                             0x080001ec   Section       28  __scatter_zi.o(!!handler_zi)
    .ARM.Collect$$_printf_percent$$00000000  0x08000208   Section        0  _printf_percent.o(.ARM.Collect$$_printf_percent$$00000000)
    .ARM.Collect$$_printf_percent$$00000013  0x08000208   Section        6  _printf_c.o(.ARM.Collect$$_printf_percent$$00000013)
    .ARM.Collect$$_printf_percent$$00000017  0x0800020e   Section        4  _printf_percent_end.o(.ARM.Collect$$_printf_percent$$00000017)
    .ARM.Collect$$libinit$$00000000          0x08000212   Section        2  libinit.o(.ARM.Collect$$libinit$$00000000)
    .ARM.Collect$$libinit$$00000001          0x08000214   Section        4  libinit2.o(.ARM.Collect$$libinit$$00000001)
    .ARM.Collect$$libinit$$00000004          0x08000218   Section        0  libinit2.o(.ARM.Collect$$libinit$$00000004)
    .ARM.Collect$$libinit$$00000005          0x08000218   Section        8  libinit2.o(.ARM.Collect$$libinit$$00000005)
    .ARM.Collect$$libinit$$0000000A          0x08000220   Section        0  libinit2.o(.ARM.Collect$$libinit$$0000000A)
    .ARM.Collect$$libinit$$0000000C          0x08000220   Section        0  libinit2.o(.ARM.Collect$$libinit$$0000000C)
    .ARM.Collect$$libinit$$0000000E          0x08000220   Section        0  libinit2.o(.ARM.Collect$$libinit$$0000000E)
    .ARM.Collect$$libinit$$00000011          0x08000220   Section        0  libinit2.o(.ARM.Collect$$libinit$$00000011)
    .ARM.Collect$$libinit$$00000013          0x08000220   Section        0  libinit2.o(.ARM.Collect$$libinit$$00000013)
    .ARM.Collect$$libinit$$00000015          0x08000220   Section        0  libinit2.o(.ARM.Collect$$libinit$$00000015)
    .ARM.Collect$$libinit$$00000017          0x08000220   Section        0  libinit2.o(.ARM.Collect$$libinit$$00000017)
    .ARM.Collect$$libinit$$00000019          0x08000220   Section        0  libinit2.o(.ARM.Collect$$libinit$$00000019)
    .ARM.Collect$$libinit$$0000001B          0x08000220   Section        0  libinit2.o(.ARM.Collect$$libinit$$0000001B)
    .ARM.Collect$$libinit$$0000001D          0x08000220   Section        0  libinit2.o(.ARM.Collect$$libinit$$0000001D)
    .ARM.Collect$$libinit$$0000001F          0x08000220   Section        0  libinit2.o(.ARM.Collect$$libinit$$0000001F)
    .ARM.Collect$$libinit$$00000021          0x08000220   Section        0  libinit2.o(.ARM.Collect$$libinit$$00000021)
    .ARM.Collect$$libinit$$00000023          0x08000220   Section        0  libinit2.o(.ARM.Collect$$libinit$$00000023)
    .ARM.Collect$$libinit$$00000025          0x08000220   Section        0  libinit2.o(.ARM.Collect$$libinit$$00000025)
    .ARM.Collect$$libinit$$0000002C          0x08000220   Section        0  libinit2.o(.ARM.Collect$$libinit$$0000002C)
    .ARM.Collect$$libinit$$0000002E          0x08000220   Section        0  libinit2.o(.ARM.Collect$$libinit$$0000002E)
    .ARM.Collect$$libinit$$00000030          0x08000220   Section        0  libinit2.o(.ARM.Collect$$libinit$$00000030)
    .ARM.Collect$$libinit$$00000032          0x08000220   Section        0  libinit2.o(.ARM.Collect$$libinit$$00000032)
    .ARM.Collect$$libinit$$00000033          0x08000220   Section        2  libinit2.o(.ARM.Collect$$libinit$$00000033)
    .ARM.Collect$$libshutdown$$00000000      0x08000222   Section        2  libshutdown.o(.ARM.Collect$$libshutdown$$00000000)
    .ARM.Collect$$libshutdown$$00000003      0x08000224   Section        0  libshutdown2.o(.ARM.Collect$$libshutdown$$00000003)
    .ARM.Collect$$libshutdown$$00000006      0x08000224   Section        0  libshutdown2.o(.ARM.Collect$$libshutdown$$00000006)
    .ARM.Collect$$libshutdown$$00000009      0x08000224   Section        0  libshutdown2.o(.ARM.Collect$$libshutdown$$00000009)
    .ARM.Collect$$libshutdown$$0000000B      0x08000224   Section        0  libshutdown2.o(.ARM.Collect$$libshutdown$$0000000B)
    .ARM.Collect$$libshutdown$$0000000E      0x08000224   Section        0  libshutdown2.o(.ARM.Collect$$libshutdown$$0000000E)
    .ARM.Collect$$libshutdown$$0000000F      0x08000224   Section        2  libshutdown2.o(.ARM.Collect$$libshutdown$$0000000F)
    .ARM.Collect$$rtentry$$00000000          0x08000226   Section        0  __rtentry.o(.ARM.Collect$$rtentry$$00000000)
    .ARM.Collect$$rtentry$$00000002          0x08000226   Section        0  __rtentry2.o(.ARM.Collect$$rtentry$$00000002)
    .ARM.Collect$$rtentry$$00000004          0x08000226   Section        6  __rtentry4.o(.ARM.Collect$$rtentry$$00000004)
    .ARM.Collect$$rtentry$$00000009          0x0800022c   Section        0  __rtentry2.o(.ARM.Collect$$rtentry$$00000009)
    .ARM.Collect$$rtentry$$0000000A          0x0800022c   Section        4  __rtentry2.o(.ARM.Collect$$rtentry$$0000000A)
    .ARM.Collect$$rtentry$$0000000C          0x08000230   Section        0  __rtentry2.o(.ARM.Collect$$rtentry$$0000000C)
    .ARM.Collect$$rtentry$$0000000D          0x08000230   Section        8  __rtentry2.o(.ARM.Collect$$rtentry$$0000000D)
    .ARM.Collect$$rtexit$$00000000           0x08000238   Section        2  rtexit.o(.ARM.Collect$$rtexit$$00000000)
    .ARM.Collect$$rtexit$$00000002           0x0800023a   Section        0  rtexit2.o(.ARM.Collect$$rtexit$$00000002)
    .ARM.Collect$$rtexit$$00000003           0x0800023a   Section        4  rtexit2.o(.ARM.Collect$$rtexit$$00000003)
    .ARM.Collect$$rtexit$$00000004           0x0800023e   Section        6  rtexit2.o(.ARM.Collect$$rtexit$$00000004)
    .emb_text                                0x08000244   Section        0  maybetermalloc1.o(.emb_text)
    .text                                    0x08000244   Section        0  ring.o(.text)
    .text                                    0x08000370   Section        0  main.o(.text)
    .text                                    0x080003c0   Section        0  usart.o(.text)
    .text                                    0x08000564   Section        0  itm_retarget.o(.text)
    .text                                    0x080005b4   Section        0  stm32f4xx_hal.o(.text)
    .text                                    0x08000704   Section        0  stm32f4xx_hal_cortex.o(.text)
    NVIC_SetPriority                         0x080008b3   Thumb Code    32  stm32f4xx_hal_cortex.o(.text)
    .text                                    0x080008dc   Section        0  stm32f4xx_hal_gpio.o(.text)
    .text                                    0x08000b90   Section        0  stm32f4xx_hal_rcc.o(.text)
    .text                                    0x08001388   Section       64  startup_stm32f401xc.o(.text)
    $v0                                      0x08001388   Number         0  startup_stm32f401xc.o(.text)
    .text                                    0x080013c8   Section        0  system_stm32f4xx.o(.text)
    .text                                    0x08001490   Section        0  stm32f4xx_hal_dma.o(.text)
    DMA_SetConfig                            0x08004181   Thumb Code    30  stm32f4xx_hal_dma.o(.text)
    .text                                    0x080041a8   Section        0  stm32f4xx_hal_uart.o(.text)
    UART_SetConfig                           0x080041a9   Thumb Code   366  stm32f4xx_hal_uart.o(.text)
    UART_WaitOnFlagUntilTimeout              0x08004501   Thumb Code   146  stm32f4xx_hal_uart.o(.text)
    UART_DMAError                            0x0800480d   Thumb Code    34  stm32f4xx_hal_uart.o(.text)
    UART_DMATxHalfCplt                       0x08004831   Thumb Code    10  stm32f4xx_hal_uart.o(.text)
    UART_DMATransmitCplt                     0x0800483d   Thumb Code    84  stm32f4xx_hal_uart.o(.text)
    UART_DMARxHalfCplt                       0x0800490b   Thumb Code    10  stm32f4xx_hal_uart.o(.text)
    UART_DMAReceiveCplt                      0x08004917   Thumb Code    52  stm32f4xx_hal_uart.o(.text)
    UART_Transmit_IT                         0x08004c6b   Thumb Code   180  stm32f4xx_hal_uart.o(.text)
    UART_Receive_IT                          0x08004d1f   Thumb Code   166  stm32f4xx_hal_uart.o(.text)
    .text                                    0x08004dc4   Section        2  use_no_semi.o(.text)
    .text                                    0x08004dc6   Section        0  h1_alloc.o(.text)
    .text                                    0x08004e24   Section        0  noretval__2printf.o(.text)
    .text                                    0x08004e3c   Section        0  __printf.o(.text)
    .text                                    0x08004ea4   Section        0  _printf_str.o(.text)
    .text                                    0x08004ef6   Section        0  abort.o(.text)
    .text                                    0x08004f06   Section        0  strlen.o(.text)
    .text                                    0x08004f44   Section        0  heapauxi.o(.text)
    .text                                    0x08004f4c   Section        8  rt_heap_descriptor_intlibspace.o(.text)
    .text                                    0x08004f54   Section        0  hguard.o(.text)
    .text                                    0x08004f58   Section        0  init_alloc.o(.text)
    .text                                    0x08004fe2   Section        0  h1_init.o(.text)
    .text                                    0x08004ff0   Section        0  h1_free.o(.text)
    .text                                    0x0800503e   Section        0  _printf_char.o(.text)
    .text                                    0x0800506c   Section        0  _printf_char_file.o(.text)
    .text                                    0x08005090   Section        0  defsig_abrt_outer.o(.text)
    .text                                    0x080050a0   Section        8  libspace.o(.text)
    .text                                    0x080050a8   Section        0  h1_extend.o(.text)
    .text                                    0x080050dc   Section        0  _printf_char_common.o(.text)
    _printf_input_char                       0x080050dd   Thumb Code    10  _printf_char_common.o(.text)
    .text                                    0x0800510c   Section        0  ferror.o(.text)
    .text                                    0x08005114   Section        0  defsig_exit.o(.text)
    .text                                    0x08005120   Section        0  defsig_abrt_inner.o(.text)
    .text                                    0x08005150   Section        0  defsig_rtmem_outer.o(.text)
    .text                                    0x0800515e   Section       74  sys_stackheap_outer.o(.text)
    .text                                    0x080051a8   Section        0  exit.o(.text)
    .text                                    0x080051b4   Section        0  defsig_general.o(.text)
    .text                                    0x080051e8   Section        0  defsig_rtmem_inner.o(.text)
    x$fpl$fpinit                             0x08005238   Section       10  fpinit.o(x$fpl$fpinit)
    $v0                                      0x08005238   Number         0  fpinit.o(x$fpl$fpinit)
    .constdata                               0x08005242   Section       16  stm32f4xx_hal_rcc.o(.constdata)
    .data                                    0x20000000   Section        4  itm_retarget.o(.data)
    .data                                    0x20000004   Section        4  itm_retarget.o(.data)
    .data                                    0x20000008   Section        4  stm32f4xx_hal.o(.data)
    uwTick                                   0x20000008   Data           4  stm32f4xx_hal.o(.data)
    .data                                    0x2000000c   Section       20  system_stm32f4xx.o(.data)
    .bss                                     0x20000020   Section      316  usart.o(.bss)
    USART_RingBuffer_Tx                      0x20000020   Data          28  usart.o(.bss)
    RingBufferData_Tx                        0x2000003c   Data         100  usart.o(.bss)
    USART_RingBuffer_Rx                      0x200000a0   Data          28  usart.o(.bss)
    RingBufferData_Rx                        0x200000bc   Data         100  usart.o(.bss)
    UartHandle                               0x20000120   Data          60  usart.o(.bss)
    .bss                                     0x2000015c   Section       96  libspace.o(.bss)
    HEAP                                     0x200001c0   Section      512  startup_stm32f401xc.o(HEAP)
    Heap_Mem                                 0x200001c0   Data         512  startup_stm32f401xc.o(HEAP)
    STACK                                    0x200003c0   Section     1024  startup_stm32f401xc.o(STACK)
    Stack_Mem                                0x200003c0   Data        1024  startup_stm32f401xc.o(STACK)
    __initial_sp                             0x200007c0   Data           0  startup_stm32f401xc.o(STACK)

    Global Symbols

    Symbol Name                              Value     Ov Type        Size  Object(Section)

    BuildAttributes$$THM_ISAv4$E$P$D$K$B$S$7EM$VFPi3$EXTD16$VFPS$VFMA$PE$A:L22UL41UL21$X:L11$S22US41US21$IEEE1$IW$USESV6$~STKCKD$USESV7$~SHL$OTIME$ROPI$EBA8$UX$STANDARDLIB$REQ8$PRES8$EABIv2 0x00000000   Number         0  anon$$obj.o ABSOLUTE
    __ARM_use_no_argv                        0x00000000   Number         0  main.o ABSOLUTE
    __ARM_exceptions_init                     - Undefined Weak Reference
    __alloca_initialize                       - Undefined Weak Reference
    __arm_preinit_                            - Undefined Weak Reference
    __cpp_initialize__aeabi_                  - Undefined Weak Reference
    __cxa_finalize                            - Undefined Weak Reference
    __rt_locale                               - Undefined Weak Reference
    __sigvec_lookup                           - Undefined Weak Reference
    __user_heap_extent                        - Undefined Weak Reference
    _atexit_init                              - Undefined Weak Reference
    _call_atexit_fns                          - Undefined Weak Reference
    _clock_init                               - Undefined Weak Reference
    _fp_trap_init                             - Undefined Weak Reference
    _fp_trap_shutdown                         - Undefined Weak Reference
    _get_lc_collate                           - Undefined Weak Reference
    _get_lc_ctype                             - Undefined Weak Reference
    _get_lc_monetary                          - Undefined Weak Reference
    _get_lc_numeric                           - Undefined Weak Reference
    _get_lc_time                              - Undefined Weak Reference
    _getenv_init                              - Undefined Weak Reference
    _handle_redirection                       - Undefined Weak Reference
    _initio                                   - Undefined Weak Reference
    _mutex_acquire                            - Undefined Weak Reference
    _mutex_free                               - Undefined Weak Reference
    _mutex_release                            - Undefined Weak Reference
    _printf_mbtowc                            - Undefined Weak Reference
    _printf_post_padding                      - Undefined Weak Reference
    _printf_pre_padding                       - Undefined Weak Reference
    _rand_init                                - Undefined Weak Reference
    _signal_finish                            - Undefined Weak Reference
    _signal_init                              - Undefined Weak Reference
    _terminateio                              - Undefined Weak Reference
    __Vectors_Size                           0x00000194   Number         0  startup_stm32f401xc.o ABSOLUTE
    __Vectors                                0x08000000   Data           4  startup_stm32f401xc.o(RESET)
    __Vectors_End                            0x08000194   Data           0  startup_stm32f401xc.o(RESET)
    __main                                   0x08000195   Thumb Code     8  __main.o(!!!main)
    __scatterload                            0x0800019d   Thumb Code     0  __scatter.o(!!!scatter)
    __scatterload_rt2                        0x0800019d   Thumb Code    44  __scatter.o(!!!scatter)
    __scatterload_rt2_thumb_only             0x0800019d   Thumb Code     0  __scatter.o(!!!scatter)
    __scatterload_null                       0x080001ab   Thumb Code     0  __scatter.o(!!!scatter)
    __scatterload_copy                       0x080001d1   Thumb Code    26  __scatter_copy.o(!!handler_copy)
    __scatterload_zeroinit                   0x080001ed   Thumb Code    28  __scatter_zi.o(!!handler_zi)
    _printf_c                                0x08000209   Thumb Code     0  _printf_c.o(.ARM.Collect$$_printf_percent$$00000013)
    _printf_percent                          0x08000209   Thumb Code     0  _printf_percent.o(.ARM.Collect$$_printf_percent$$00000000)
    _printf_percent_end                      0x0800020f   Thumb Code     0  _printf_percent_end.o(.ARM.Collect$$_printf_percent$$00000017)
    __rt_lib_init                            0x08000213   Thumb Code     0  libinit.o(.ARM.Collect$$libinit$$00000000)
    __rt_lib_init_fp_1                       0x08000215   Thumb Code     0  libinit2.o(.ARM.Collect$$libinit$$00000001)
    __rt_lib_init_heap_2                     0x08000219   Thumb Code     0  libinit2.o(.ARM.Collect$$libinit$$00000005)
    __rt_lib_init_preinit_1                  0x08000219   Thumb Code     0  libinit2.o(.ARM.Collect$$libinit$$00000004)
    __rt_lib_init_alloca_1                   0x08000221   Thumb Code     0  libinit2.o(.ARM.Collect$$libinit$$0000002E)
    __rt_lib_init_argv_1                     0x08000221   Thumb Code     0  libinit2.o(.ARM.Collect$$libinit$$0000002C)
    __rt_lib_init_atexit_1                   0x08000221   Thumb Code     0  libinit2.o(.ARM.Collect$$libinit$$0000001B)
    __rt_lib_init_clock_1                    0x08000221   Thumb Code     0  libinit2.o(.ARM.Collect$$libinit$$00000021)
    __rt_lib_init_cpp_1                      0x08000221   Thumb Code     0  libinit2.o(.ARM.Collect$$libinit$$00000032)
    __rt_lib_init_exceptions_1               0x08000221   Thumb Code     0  libinit2.o(.ARM.Collect$$libinit$$00000030)
    __rt_lib_init_fp_trap_1                  0x08000221   Thumb Code     0  libinit2.o(.ARM.Collect$$libinit$$0000001F)
    __rt_lib_init_getenv_1                   0x08000221   Thumb Code     0  libinit2.o(.ARM.Collect$$libinit$$00000023)
    __rt_lib_init_heap_1                     0x08000221   Thumb Code     0  libinit2.o(.ARM.Collect$$libinit$$0000000A)
    __rt_lib_init_lc_collate_1               0x08000221   Thumb Code     0  libinit2.o(.ARM.Collect$$libinit$$00000011)
    __rt_lib_init_lc_ctype_1                 0x08000221   Thumb Code     0  libinit2.o(.ARM.Collect$$libinit$$00000013)
    __rt_lib_init_lc_monetary_1              0x08000221   Thumb Code     0  libinit2.o(.ARM.Collect$$libinit$$00000015)
    __rt_lib_init_lc_numeric_1               0x08000221   Thumb Code     0  libinit2.o(.ARM.Collect$$libinit$$00000017)
    __rt_lib_init_lc_time_1                  0x08000221   Thumb Code     0  libinit2.o(.ARM.Collect$$libinit$$00000019)
    __rt_lib_init_rand_1                     0x08000221   Thumb Code     0  libinit2.o(.ARM.Collect$$libinit$$0000000E)
    __rt_lib_init_return                     0x08000221   Thumb Code     0  libinit2.o(.ARM.Collect$$libinit$$00000033)
    __rt_lib_init_signal_1                   0x08000221   Thumb Code     0  libinit2.o(.ARM.Collect$$libinit$$0000001D)
    __rt_lib_init_stdio_1                    0x08000221   Thumb Code     0  libinit2.o(.ARM.Collect$$libinit$$00000025)
    __rt_lib_init_user_alloc_1               0x08000221   Thumb Code     0  libinit2.o(.ARM.Collect$$libinit$$0000000C)
    __rt_lib_shutdown                        0x08000223   Thumb Code     0  libshutdown.o(.ARM.Collect$$libshutdown$$00000000)
    __rt_lib_shutdown_fp_trap_1              0x08000225   Thumb Code     0  libshutdown2.o(.ARM.Collect$$libshutdown$$00000006)
    __rt_lib_shutdown_heap_1                 0x08000225   Thumb Code     0  libshutdown2.o(.ARM.Collect$$libshutdown$$0000000E)
    __rt_lib_shutdown_return                 0x08000225   Thumb Code     0  libshutdown2.o(.ARM.Collect$$libshutdown$$0000000F)
    __rt_lib_shutdown_signal_1               0x08000225   Thumb Code     0  libshutdown2.o(.ARM.Collect$$libshutdown$$00000009)
    __rt_lib_shutdown_stdio_1                0x08000225   Thumb Code     0  libshutdown2.o(.ARM.Collect$$libshutdown$$00000003)
    __rt_lib_shutdown_user_alloc_1           0x08000225   Thumb Code     0  libshutdown2.o(.ARM.Collect$$libshutdown$$0000000B)
    __rt_entry                               0x08000227   Thumb Code     0  __rtentry.o(.ARM.Collect$$rtentry$$00000000)
    __rt_entry_presh_1                       0x08000227   Thumb Code     0  __rtentry2.o(.ARM.Collect$$rtentry$$00000002)
    __rt_entry_sh                            0x08000227   Thumb Code     0  __rtentry4.o(.ARM.Collect$$rtentry$$00000004)
    __rt_entry_li                            0x0800022d   Thumb Code     0  __rtentry2.o(.ARM.Collect$$rtentry$$0000000A)
    __rt_entry_postsh_1                      0x0800022d   Thumb Code     0  __rtentry2.o(.ARM.Collect$$rtentry$$00000009)
    __rt_entry_main                          0x08000231   Thumb Code     0  __rtentry2.o(.ARM.Collect$$rtentry$$0000000D)
    __rt_entry_postli_1                      0x08000231   Thumb Code     0  __rtentry2.o(.ARM.Collect$$rtentry$$0000000C)
    __rt_exit                                0x08000239   Thumb Code     0  rtexit.o(.ARM.Collect$$rtexit$$00000000)
    __rt_exit_ls                             0x0800023b   Thumb Code     0  rtexit2.o(.ARM.Collect$$rtexit$$00000003)
    __rt_exit_prels_1                        0x0800023b   Thumb Code     0  rtexit2.o(.ARM.Collect$$rtexit$$00000002)
    __rt_exit_exit                           0x0800023f   Thumb Code     0  rtexit2.o(.ARM.Collect$$rtexit$$00000004)
    RingBuffer_Init                          0x08000245   Thumb Code    40  ring.o(.text)
    _maybe_terminate_alloc                   0x08000245   Thumb Code     0  maybetermalloc1.o(.emb_text)
    RingBuffer_Clear                         0x0800026d   Thumb Code    22  ring.o(.text)
    RingBuffer_IsEmpty                       0x08000283   Thumb Code    20  ring.o(.text)
    RingBuffer_GetLen                        0x08000297   Thumb Code    12  ring.o(.text)
    RingBuffer_GetCapacity                   0x080002a3   Thumb Code    12  ring.o(.text)
    RingBuffer_PutChar                       0x080002af   Thumb Code    74  ring.o(.text)
    RingBuffer_GetChar                       0x080002f9   Thumb Code    76  ring.o(.text)
    RingBuffer_GetHead                       0x08000345   Thumb Code     4  ring.o(.text)
    RingBuffer_GetTail                       0x08000349   Thumb Code     4  ring.o(.text)
    RingBuffer_GetEnd                        0x0800034d   Thumb Code     4  ring.o(.text)
    main                                     0x08000371   Thumb Code    64  main.o(.text)
    USART_PutChar                            0x080003c1   Thumb Code    28  usart.o(.text)
    USART_WriteData                          0x080003dd   Thumb Code    26  usart.o(.text)
    USART_WriteString                        0x080003f7   Thumb Code    24  usart.o(.text)
    USART_GetChar                            0x0800040f   Thumb Code    14  usart.o(.text)
    USART_ReadData                           0x0800041d   Thumb Code     4  usart.o(.text)
    USART_SetCallback_OnNewLine              0x08000421   Thumb Code     4  usart.o(.text)
    USART1_IRQHandler                        0x08000425   Thumb Code    22  usart.o(.text)
    HAL_UART_MspInit                         0x0800043b   Thumb Code    96  usart.o(.text)
    HAL_UART_MspDeInit                       0x0800049b   Thumb Code    50  usart.o(.text)
    USART_Init                               0x080004cd   Thumb Code    94  usart.o(.text)
    fputc                                    0x08000565   Thumb Code    32  itm_retarget.o(.text)
    _ttywrch                                 0x08000585   Thumb Code     4  itm_retarget.o(.text)
    _sys_exit                                0x08000589   Thumb Code     2  itm_retarget.o(.text)
    fgetc                                    0x0800058b   Thumb Code    30  itm_retarget.o(.text)
    HAL_MspInit                              0x080005b5   Thumb Code     2  stm32f4xx_hal.o(.text)
    HAL_InitTick                             0x080005b7   Thumb Code    34  stm32f4xx_hal.o(.text)
    HAL_Init                                 0x080005d9   Thumb Code    48  stm32f4xx_hal.o(.text)
    HAL_MspDeInit                            0x08000609   Thumb Code     2  stm32f4xx_hal.o(.text)
    HAL_DeInit                               0x0800060b   Thumb Code    48  stm32f4xx_hal.o(.text)
    HAL_IncTick                              0x0800063b   Thumb Code    10  stm32f4xx_hal.o(.text)
    HAL_GetTick                              0x08000645   Thumb Code     6  stm32f4xx_hal.o(.text)
    HAL_Delay                                0x0800064b   Thumb Code    24  stm32f4xx_hal.o(.text)
    HAL_SuspendTick                          0x08000663   Thumb Code    14  stm32f4xx_hal.o(.text)
    HAL_ResumeTick                           0x08000671   Thumb Code    14  stm32f4xx_hal.o(.text)
    HAL_GetHalVersion                        0x0800067f   Thumb Code     4  stm32f4xx_hal.o(.text)
    HAL_GetREVID                             0x08000683   Thumb Code     8  stm32f4xx_hal.o(.text)
    HAL_GetDEVID                             0x0800068b   Thumb Code    10  stm32f4xx_hal.o(.text)
    HAL_EnableDBGSleepMode                   0x08000695   Thumb Code    12  stm32f4xx_hal.o(.text)
    HAL_DisableDBGSleepMode                  0x080006a1   Thumb Code    12  stm32f4xx_hal.o(.text)
    HAL_EnableDBGStopMode                    0x080006ad   Thumb Code    12  stm32f4xx_hal.o(.text)
    HAL_DisableDBGStopMode                   0x080006b9   Thumb Code    12  stm32f4xx_hal.o(.text)
    HAL_EnableDBGStandbyMode                 0x080006c5   Thumb Code    12  stm32f4xx_hal.o(.text)
    HAL_DisableDBGStandbyMode                0x080006d1   Thumb Code    12  stm32f4xx_hal.o(.text)
    HAL_EnableCompensationCell               0x080006dd   Thumb Code     8  stm32f4xx_hal.o(.text)
    HAL_DisableCompensationCell              0x080006e5   Thumb Code     8  stm32f4xx_hal.o(.text)
    HAL_NVIC_SetPriorityGrouping             0x08000705   Thumb Code    26  stm32f4xx_hal_cortex.o(.text)
    HAL_NVIC_SetPriority                     0x0800071f   Thumb Code    60  stm32f4xx_hal_cortex.o(.text)
    HAL_NVIC_EnableIRQ                       0x0800075b   Thumb Code    22  stm32f4xx_hal_cortex.o(.text)
    HAL_NVIC_DisableIRQ                      0x08000771   Thumb Code    22  stm32f4xx_hal_cortex.o(.text)
    HAL_NVIC_SystemReset                     0x08000787   Thumb Code    26  stm32f4xx_hal_cortex.o(.text)
    HAL_SYSTICK_Config                       0x080007a1   Thumb Code    40  stm32f4xx_hal_cortex.o(.text)
    HAL_NVIC_GetPriorityGrouping             0x080007c9   Thumb Code    10  stm32f4xx_hal_cortex.o(.text)
    HAL_NVIC_GetPriority                     0x080007d3   Thumb Code    82  stm32f4xx_hal_cortex.o(.text)
    HAL_NVIC_SetPendingIRQ                   0x08000825   Thumb Code    22  stm32f4xx_hal_cortex.o(.text)
    HAL_NVIC_GetPendingIRQ                   0x0800083b   Thumb Code    32  stm32f4xx_hal_cortex.o(.text)
    HAL_NVIC_ClearPendingIRQ                 0x0800085b   Thumb Code    22  stm32f4xx_hal_cortex.o(.text)
    HAL_NVIC_GetActive                       0x08000871   Thumb Code    32  stm32f4xx_hal_cortex.o(.text)
    HAL_SYSTICK_CLKSourceConfig              0x08000891   Thumb Code    24  stm32f4xx_hal_cortex.o(.text)
    HAL_SYSTICK_Callback                     0x080008a9   Thumb Code     2  stm32f4xx_hal_cortex.o(.text)
    HAL_SYSTICK_IRQHandler                   0x080008ab   Thumb Code     8  stm32f4xx_hal_cortex.o(.text)
    HAL_GPIO_Init                            0x080008dd   Thumb Code   400  stm32f4xx_hal_gpio.o(.text)
    HAL_GPIO_DeInit                          0x08000a6d   Thumb Code   154  stm32f4xx_hal_gpio.o(.text)
    HAL_GPIO_ReadPin                         0x08000b07   Thumb Code    10  stm32f4xx_hal_gpio.o(.text)
    HAL_GPIO_WritePin                        0x08000b11   Thumb Code    10  stm32f4xx_hal_gpio.o(.text)
    HAL_GPIO_TogglePin                       0x08000b1b   Thumb Code     8  stm32f4xx_hal_gpio.o(.text)
    HAL_GPIO_LockPin                         0x08000b23   Thumb Code    34  stm32f4xx_hal_gpio.o(.text)
    HAL_GPIO_EXTI_Callback                   0x08000b45   Thumb Code     2  stm32f4xx_hal_gpio.o(.text)
    HAL_GPIO_EXTI_IRQHandler                 0x08000b47   Thumb Code    20  stm32f4xx_hal_gpio.o(.text)
    HAL_RCC_DeInit                           0x08000b91   Thumb Code    70  stm32f4xx_hal_rcc.o(.text)
    HAL_RCC_OscConfig                        0x08000bd7   Thumb Code   804  stm32f4xx_hal_rcc.o(.text)
    HAL_RCC_ClockConfig                      0x08000efb   Thumb Code   470  stm32f4xx_hal_rcc.o(.text)
    HAL_RCC_MCOConfig                        0x080010d1   Thumb Code   102  stm32f4xx_hal_rcc.o(.text)
    HAL_RCC_EnableCSS                        0x08001137   Thumb Code     8  stm32f4xx_hal_rcc.o(.text)
    HAL_RCC_DisableCSS                       0x0800113f   Thumb Code     8  stm32f4xx_hal_rcc.o(.text)
    HAL_RCC_GetSysClockFreq                  0x08001147   Thumb Code   122  stm32f4xx_hal_rcc.o(.text)
    HAL_RCC_GetHCLKFreq                      0x080011c1   Thumb Code    40  stm32f4xx_hal_rcc.o(.text)
    HAL_RCC_GetPCLK1Freq                     0x080011e9   Thumb Code    38  stm32f4xx_hal_rcc.o(.text)
    HAL_RCC_GetPCLK2Freq                     0x0800120f   Thumb Code    38  stm32f4xx_hal_rcc.o(.text)
    HAL_RCC_GetOscConfig                     0x08001235   Thumb Code   220  stm32f4xx_hal_rcc.o(.text)
    HAL_RCC_GetClockConfig                   0x08001311   Thumb Code    56  stm32f4xx_hal_rcc.o(.text)
    HAL_RCC_CCSCallback                      0x08001349   Thumb Code     2  stm32f4xx_hal_rcc.o(.text)
    HAL_RCC_NMI_IRQHandler                   0x0800134b   Thumb Code    26  stm32f4xx_hal_rcc.o(.text)
    Reset_Handler                            0x08001389   Thumb Code     8  startup_stm32f401xc.o(.text)
    NMI_Handler                              0x08001391   Thumb Code     2  startup_stm32f401xc.o(.text)
    HardFault_Handler                        0x08001393   Thumb Code     2  startup_stm32f401xc.o(.text)
    MemManage_Handler                        0x08001395   Thumb Code     2  startup_stm32f401xc.o(.text)
    BusFault_Handler                         0x08001397   Thumb Code     2  startup_stm32f401xc.o(.text)
    UsageFault_Handler                       0x08001399   Thumb Code     2  startup_stm32f401xc.o(.text)
    SVC_Handler                              0x0800139b   Thumb Code     2  startup_stm32f401xc.o(.text)
    DebugMon_Handler                         0x0800139d   Thumb Code     2  startup_stm32f401xc.o(.text)
    PendSV_Handler                           0x0800139f   Thumb Code     2  startup_stm32f401xc.o(.text)
    SysTick_Handler                          0x080013a1   Thumb Code     2  startup_stm32f401xc.o(.text)
    ADC_IRQHandler                           0x080013a3   Thumb Code     0  startup_stm32f401xc.o(.text)
    DMA1_Stream0_IRQHandler                  0x080013a3   Thumb Code     0  startup_stm32f401xc.o(.text)
    DMA1_Stream1_IRQHandler                  0x080013a3   Thumb Code     0  startup_stm32f401xc.o(.text)
    DMA1_Stream2_IRQHandler                  0x080013a3   Thumb Code     0  startup_stm32f401xc.o(.text)
    DMA1_Stream3_IRQHandler                  0x080013a3   Thumb Code     0  startup_stm32f401xc.o(.text)
    DMA1_Stream4_IRQHandler                  0x080013a3   Thumb Code     0  startup_stm32f401xc.o(.text)
    DMA1_Stream5_IRQHandler                  0x080013a3   Thumb Code     0  startup_stm32f401xc.o(.text)
    DMA1_Stream6_IRQHandler                  0x080013a3   Thumb Code     0  startup_stm32f401xc.o(.text)
    DMA1_Stream7_IRQHandler                  0x080013a3   Thumb Code     0  startup_stm32f401xc.o(.text)
    DMA2_Stream0_IRQHandler                  0x080013a3   Thumb Code     0  startup_stm32f401xc.o(.text)
    DMA2_Stream1_IRQHandler                  0x080013a3   Thumb Code     0  startup_stm32f401xc.o(.text)
    DMA2_Stream2_IRQHandler                  0x080013a3   Thumb Code     0  startup_stm32f401xc.o(.text)
    DMA2_Stream3_IRQHandler                  0x080013a3   Thumb Code     0  startup_stm32f401xc.o(.text)
    DMA2_Stream4_IRQHandler                  0x080013a3   Thumb Code     0  startup_stm32f401xc.o(.text)
    DMA2_Stream5_IRQHandler                  0x080013a3   Thumb Code     0  startup_stm32f401xc.o(.text)
    DMA2_Stream6_IRQHandler                  0x080013a3   Thumb Code     0  startup_stm32f401xc.o(.text)
    DMA2_Stream7_IRQHandler                  0x080013a3   Thumb Code     0  startup_stm32f401xc.o(.text)
    EXTI0_IRQHandler                         0x080013a3   Thumb Code     0  startup_stm32f401xc.o(.text)
    EXTI15_10_IRQHandler                     0x080013a3   Thumb Code     0  startup_stm32f401xc.o(.text)
    EXTI1_IRQHandler                         0x080013a3   Thumb Code     0  startup_stm32f401xc.o(.text)
    EXTI2_IRQHandler                         0x080013a3   Thumb Code     0  startup_stm32f401xc.o(.text)
    EXTI3_IRQHandler                         0x080013a3   Thumb Code     0  startup_stm32f401xc.o(.text)
    EXTI4_IRQHandler                         0x080013a3   Thumb Code     0  startup_stm32f401xc.o(.text)
    EXTI9_5_IRQHandler                       0x080013a3   Thumb Code     0  startup_stm32f401xc.o(.text)
    FLASH_IRQHandler                         0x080013a3   Thumb Code     0  startup_stm32f401xc.o(.text)
    FPU_IRQHandler                           0x080013a3   Thumb Code     0  startup_stm32f401xc.o(.text)
    I2C1_ER_IRQHandler                       0x080013a3   Thumb Code     0  startup_stm32f401xc.o(.text)
    I2C1_EV_IRQHandler                       0x080013a3   Thumb Code     0  startup_stm32f401xc.o(.text)
    I2C2_ER_IRQHandler                       0x080013a3   Thumb Code     0  startup_stm32f401xc.o(.text)
    I2C2_EV_IRQHandler                       0x080013a3   Thumb Code     0  startup_stm32f401xc.o(.text)
    I2C3_ER_IRQHandler                       0x080013a3   Thumb Code     0  startup_stm32f401xc.o(.text)
    I2C3_EV_IRQHandler                       0x080013a3   Thumb Code     0  startup_stm32f401xc.o(.text)
    OTG_FS_IRQHandler                        0x080013a3   Thumb Code     0  startup_stm32f401xc.o(.text)
    OTG_FS_WKUP_IRQHandler                   0x080013a3   Thumb Code     0  startup_stm32f401xc.o(.text)
    PVD_IRQHandler                           0x080013a3   Thumb Code     0  startup_stm32f401xc.o(.text)
    RCC_IRQHandler                           0x080013a3   Thumb Code     0  startup_stm32f401xc.o(.text)
    RTC_Alarm_IRQHandler                     0x080013a3   Thumb Code     0  startup_stm32f401xc.o(.text)
    RTC_WKUP_IRQHandler                      0x080013a3   Thumb Code     0  startup_stm32f401xc.o(.text)
    SDIO_IRQHandler                          0x080013a3   Thumb Code     0  startup_stm32f401xc.o(.text)
    SPI1_IRQHandler                          0x080013a3   Thumb Code     0  startup_stm32f401xc.o(.text)
    SPI2_IRQHandler                          0x080013a3   Thumb Code     0  startup_stm32f401xc.o(.text)
    SPI3_IRQHandler                          0x080013a3   Thumb Code     0  startup_stm32f401xc.o(.text)
    SPI4_IRQHandler                          0x080013a3   Thumb Code     0  startup_stm32f401xc.o(.text)
    TAMP_STAMP_IRQHandler                    0x080013a3   Thumb Code     0  startup_stm32f401xc.o(.text)
    TIM1_BRK_TIM9_IRQHandler                 0x080013a3   Thumb Code     0  startup_stm32f401xc.o(.text)
    TIM1_CC_IRQHandler                       0x080013a3   Thumb Code     0  startup_stm32f401xc.o(.text)
    TIM1_TRG_COM_TIM11_IRQHandler            0x080013a3   Thumb Code     0  startup_stm32f401xc.o(.text)
    TIM1_UP_TIM10_IRQHandler                 0x080013a3   Thumb Code     0  startup_stm32f401xc.o(.text)
    TIM2_IRQHandler                          0x080013a3   Thumb Code     0  startup_stm32f401xc.o(.text)
    TIM3_IRQHandler                          0x080013a3   Thumb Code     0  startup_stm32f401xc.o(.text)
    TIM4_IRQHandler                          0x080013a3   Thumb Code     0  startup_stm32f401xc.o(.text)
    TIM5_IRQHandler                          0x080013a3   Thumb Code     0  startup_stm32f401xc.o(.text)
    USART2_IRQHandler                        0x080013a3   Thumb Code     0  startup_stm32f401xc.o(.text)
    USART6_IRQHandler                        0x080013a3   Thumb Code     0  startup_stm32f401xc.o(.text)
    WWDG_IRQHandler                          0x080013a3   Thumb Code     0  startup_stm32f401xc.o(.text)
    __user_initial_stackheap                 0x080013a5   Thumb Code     0  startup_stm32f401xc.o(.text)
    SystemInit                               0x080013c9   Thumb Code    66  system_stm32f4xx.o(.text)
    SystemCoreClockUpdate                    0x0800140b   Thumb Code   108  system_stm32f4xx.o(.text)
    HAL_DMA_Init                             0x08001491   Thumb Code   108  stm32f4xx_hal_dma.o(.text)
    HAL_DMA_DeInit                           0x080014fd   Thumb Code  2448  stm32f4xx_hal_dma.o(.text)
    HAL_DMA_Start                            0x08001e8d   Thumb Code    58  stm32f4xx_hal_dma.o(.text)
    HAL_DMA_Start_IT                         0x08001ec7   Thumb Code   108  stm32f4xx_hal_dma.o(.text)
    HAL_DMA_Abort                            0x08001f33   Thumb Code    82  stm32f4xx_hal_dma.o(.text)
    HAL_DMA_PollForTransfer                  0x08001f85   Thumb Code  4718  stm32f4xx_hal_dma.o(.text)
    HAL_DMA_IRQHandler                       0x080031f3   Thumb Code  3972  stm32f4xx_hal_dma.o(.text)
    HAL_DMA_GetState                         0x08004177   Thumb Code     6  stm32f4xx_hal_dma.o(.text)
    HAL_DMA_GetError                         0x0800417d   Thumb Code     4  stm32f4xx_hal_dma.o(.text)
    HAL_UART_Init                            0x08004319   Thumb Code    92  stm32f4xx_hal_uart.o(.text)
    HAL_HalfDuplex_Init                      0x08004375   Thumb Code   102  stm32f4xx_hal_uart.o(.text)
    HAL_LIN_Init                             0x080043db   Thumb Code   122  stm32f4xx_hal_uart.o(.text)
    HAL_MultiProcessor_Init                  0x08004455   Thumb Code   132  stm32f4xx_hal_uart.o(.text)
    HAL_UART_DeInit                          0x080044db   Thumb Code    38  stm32f4xx_hal_uart.o(.text)
    HAL_UART_Transmit                        0x08004593   Thumb Code   214  stm32f4xx_hal_uart.o(.text)
    HAL_UART_Receive                         0x08004669   Thumb Code   204  stm32f4xx_hal_uart.o(.text)
    HAL_UART_Transmit_IT                     0x08004735   Thumb Code   106  stm32f4xx_hal_uart.o(.text)
    HAL_UART_Receive_IT                      0x0800479f   Thumb Code   108  stm32f4xx_hal_uart.o(.text)
    HAL_UART_ErrorCallback                   0x0800480b   Thumb Code     2  stm32f4xx_hal_uart.o(.text)
    HAL_UART_TxHalfCpltCallback              0x0800482f   Thumb Code     2  stm32f4xx_hal_uart.o(.text)
    HAL_UART_TxCpltCallback                  0x0800483b   Thumb Code     2  stm32f4xx_hal_uart.o(.text)
    HAL_UART_Transmit_DMA                    0x08004891   Thumb Code   120  stm32f4xx_hal_uart.o(.text)
    HAL_UART_RxHalfCpltCallback              0x08004909   Thumb Code     2  stm32f4xx_hal_uart.o(.text)
    HAL_UART_RxCpltCallback                  0x08004915   Thumb Code     2  stm32f4xx_hal_uart.o(.text)
    HAL_UART_Receive_DMA                     0x0800494b   Thumb Code   126  stm32f4xx_hal_uart.o(.text)
    HAL_UART_DMAPause                        0x080049c9   Thumb Code    86  stm32f4xx_hal_uart.o(.text)
    HAL_UART_DMAResume                       0x08004a1f   Thumb Code    96  stm32f4xx_hal_uart.o(.text)
    HAL_UART_DMAStop                         0x08004a7f   Thumb Code    50  stm32f4xx_hal_uart.o(.text)
    HAL_UART_IRQHandler                      0x08004ab1   Thumb Code   202  stm32f4xx_hal_uart.o(.text)
    HAL_LIN_SendBreak                        0x08004b7b   Thumb Code    44  stm32f4xx_hal_uart.o(.text)
    HAL_MultiProcessor_EnterMuteMode         0x08004ba7   Thumb Code    44  stm32f4xx_hal_uart.o(.text)
    HAL_MultiProcessor_ExitMuteMode          0x08004bd3   Thumb Code    44  stm32f4xx_hal_uart.o(.text)
    HAL_HalfDuplex_EnableTransmitter         0x08004bff   Thumb Code    48  stm32f4xx_hal_uart.o(.text)
    HAL_HalfDuplex_EnableReceiver            0x08004c2f   Thumb Code    48  stm32f4xx_hal_uart.o(.text)
    HAL_UART_GetState                        0x08004c5f   Thumb Code     6  stm32f4xx_hal_uart.o(.text)
    HAL_UART_GetError                        0x08004c65   Thumb Code     6  stm32f4xx_hal_uart.o(.text)
    __I$use$semihosting                      0x08004dc5   Thumb Code     0  use_no_semi.o(.text)
    __use_no_semihosting_swi                 0x08004dc5   Thumb Code     2  use_no_semi.o(.text)
    malloc                                   0x08004dc7   Thumb Code    94  h1_alloc.o(.text)
    __2printf                                0x08004e25   Thumb Code    20  noretval__2printf.o(.text)
    __printf                                 0x08004e3d   Thumb Code   104  __printf.o(.text)
    _printf_str                              0x08004ea5   Thumb Code    82  _printf_str.o(.text)
    abort                                    0x08004ef7   Thumb Code    16  abort.o(.text)
    strlen                                   0x08004f07   Thumb Code    62  strlen.o(.text)
    __use_two_region_memory                  0x08004f45   Thumb Code     2  heapauxi.o(.text)
    __rt_heap_escrow                         0x08004f47   Thumb Code     2  heapauxi.o(.text)
    __rt_heap_expand                         0x08004f49   Thumb Code     2  heapauxi.o(.text)
    __rt_heap_descriptor                     0x08004f4d   Thumb Code     8  rt_heap_descriptor_intlibspace.o(.text)
    __use_no_heap                            0x08004f55   Thumb Code     2  hguard.o(.text)
    __heap$guard                             0x08004f57   Thumb Code     2  hguard.o(.text)
    _terminate_user_alloc                    0x08004f59   Thumb Code     2  init_alloc.o(.text)
    _init_user_alloc                         0x08004f5b   Thumb Code     2  init_alloc.o(.text)
    __Heap_Full                              0x08004f5d   Thumb Code    34  init_alloc.o(.text)
    __Heap_Broken                            0x08004f7f   Thumb Code     6  init_alloc.o(.text)
    _init_alloc                              0x08004f85   Thumb Code    94  init_alloc.o(.text)
    __Heap_Initialize                        0x08004fe3   Thumb Code    10  h1_init.o(.text)
    __Heap_DescSize                          0x08004fed   Thumb Code     4  h1_init.o(.text)
    free                                     0x08004ff1   Thumb Code    78  h1_free.o(.text)
    _printf_cs_common                        0x0800503f   Thumb Code    20  _printf_char.o(.text)
    _printf_char                             0x08005053   Thumb Code    16  _printf_char.o(.text)
    _printf_string                           0x08005063   Thumb Code     8  _printf_char.o(.text)
    _printf_char_file                        0x0800506d   Thumb Code    32  _printf_char_file.o(.text)
    __rt_SIGABRT                             0x08005091   Thumb Code    14  defsig_abrt_outer.o(.text)
    __user_libspace                          0x080050a1   Thumb Code     8  libspace.o(.text)
    __user_perproc_libspace                  0x080050a1   Thumb Code     0  libspace.o(.text)
    __user_perthread_libspace                0x080050a1   Thumb Code     0  libspace.o(.text)
    __Heap_ProvideMemory                     0x080050a9   Thumb Code    52  h1_extend.o(.text)
    _printf_char_common                      0x080050e7   Thumb Code    32  _printf_char_common.o(.text)
    ferror                                   0x0800510d   Thumb Code     8  ferror.o(.text)
    __sig_exit                               0x08005115   Thumb Code    10  defsig_exit.o(.text)
    __rt_SIGABRT_inner                       0x08005121   Thumb Code    14  defsig_abrt_inner.o(.text)
    __rt_SIGRTMEM                            0x08005151   Thumb Code    14  defsig_rtmem_outer.o(.text)
    __user_setup_stackheap                   0x0800515f   Thumb Code    74  sys_stackheap_outer.o(.text)
    exit                                     0x080051a9   Thumb Code    12  exit.o(.text)
    __default_signal_display                 0x080051b5   Thumb Code    50  defsig_general.o(.text)
    __rt_SIGRTMEM_inner                      0x080051e9   Thumb Code    22  defsig_rtmem_inner.o(.text)
    _fp_init                                 0x08005239   Thumb Code    10  fpinit.o(x$fpl$fpinit)
    __fplib_config_fpu_vfp                   0x08005241   Thumb Code     0  fpinit.o(x$fpl$fpinit)
    __fplib_config_pureend_doubles           0x08005241   Thumb Code     0  fpinit.o(x$fpl$fpinit)
    APBAHBPrescTable                         0x08005242   Data          16  stm32f4xx_hal_rcc.o(.constdata)
    Region$$Table$$Base                      0x08005254   Number         0  anon$$obj.o(Region$$Table)
    Region$$Table$$Limit                     0x08005274   Number         0  anon$$obj.o(Region$$Table)
    ITM_RxBuffer                             0x20000000   Data           4  itm_retarget.o(.data)
    __stdout                                 0x20000004   Data           4  itm_retarget.o(.data)
    SystemCoreClock                          0x2000000c   Data           4  system_stm32f4xx.o(.data)
    AHBPrescTable                            0x20000010   Data          16  system_stm32f4xx.o(.data)
    __libspace_start                         0x2000015c   Data          96  libspace.o(.bss)
    __temporary_stack_top$libspace           0x200001bc   Data           0  libspace.o(.bss)



==============================================================================

Memory Map of the image

  Image Entry point : 0x08001389

  Load Region LR_1 (Base: 0x08000000, Size: 0x00005294, Max: 0xffffffff, ABSOLUTE)

    Execution Region ER_RO (Base: 0x08000000, Size: 0x00005274, Max: 0xffffffff, ABSOLUTE)

    Base Addr    Size         Type   Attr      Idx    E Section Name        Object

    0x08000000   0x00000194   Data   RO          462    RESET               startup_stm32f401xc.o
    0x08000194   0x00000008   Code   RO          689  * !!!main             c_w.l(__main.o)
    0x0800019c   0x00000034   Code   RO          908    !!!scatter          c_w.l(__scatter.o)
    0x080001d0   0x0000001a   Code   RO          910    !!handler_copy      c_w.l(__scatter_copy.o)
    0x080001ea   0x00000002   PAD
    0x080001ec   0x0000001c   Code   RO          912    !!handler_zi        c_w.l(__scatter_zi.o)
    0x08000208   0x00000000   Code   RO          682    .ARM.Collect$$_printf_percent$$00000000  c_w.l(_printf_percent.o)
    0x08000208   0x00000006   Code   RO          681    .ARM.Collect$$_printf_percent$$00000013  c_w.l(_printf_c.o)
    0x0800020e   0x00000004   Code   RO          729    .ARM.Collect$$_printf_percent$$00000017  c_w.l(_printf_percent_end.o)
    0x08000212   0x00000002   Code   RO          858    .ARM.Collect$$libinit$$00000000  c_w.l(libinit.o)
    0x08000214   0x00000004   Code   RO          738    .ARM.Collect$$libinit$$00000001  c_w.l(libinit2.o)
    0x08000218   0x00000000   Code   RO          741    .ARM.Collect$$libinit$$00000004  c_w.l(libinit2.o)
    0x08000218   0x00000008   Code   RO          742    .ARM.Collect$$libinit$$00000005  c_w.l(libinit2.o)
    0x08000220   0x00000000   Code   RO          744    .ARM.Collect$$libinit$$0000000A  c_w.l(libinit2.o)
    0x08000220   0x00000000   Code   RO          746    .ARM.Collect$$libinit$$0000000C  c_w.l(libinit2.o)
    0x08000220   0x00000000   Code   RO          748    .ARM.Collect$$libinit$$0000000E  c_w.l(libinit2.o)
    0x08000220   0x00000000   Code   RO          751    .ARM.Collect$$libinit$$00000011  c_w.l(libinit2.o)
    0x08000220   0x00000000   Code   RO          753    .ARM.Collect$$libinit$$00000013  c_w.l(libinit2.o)
    0x08000220   0x00000000   Code   RO          755    .ARM.Collect$$libinit$$00000015  c_w.l(libinit2.o)
    0x08000220   0x00000000   Code   RO          757    .ARM.Collect$$libinit$$00000017  c_w.l(libinit2.o)
    0x08000220   0x00000000   Code   RO          759    .ARM.Collect$$libinit$$00000019  c_w.l(libinit2.o)
    0x08000220   0x00000000   Code   RO          761    .ARM.Collect$$libinit$$0000001B  c_w.l(libinit2.o)
    0x08000220   0x00000000   Code   RO          763    .ARM.Collect$$libinit$$0000001D  c_w.l(libinit2.o)
    0x08000220   0x00000000   Code   RO          765    .ARM.Collect$$libinit$$0000001F  c_w.l(libinit2.o)
    0x08000220   0x00000000   Code   RO          767    .ARM.Collect$$libinit$$00000021  c_w.l(libinit2.o)
    0x08000220   0x00000000   Code   RO          769    .ARM.Collect$$libinit$$00000023  c_w.l(libinit2.o)
    0x08000220   0x00000000   Code   RO          771    .ARM.Collect$$libinit$$00000025  c_w.l(libinit2.o)
    0x08000220   0x00000000   Code   RO          775    .ARM.Collect$$libinit$$0000002C  c_w.l(libinit2.o)
    0x08000220   0x00000000   Code   RO          777    .ARM.Collect$$libinit$$0000002E  c_w.l(libinit2.o)
    0x08000220   0x00000000   Code   RO          779    .ARM.Collect$$libinit$$00000030  c_w.l(libinit2.o)
    0x08000220   0x00000000   Code   RO          781    .ARM.Collect$$libinit$$00000032  c_w.l(libinit2.o)
    0x08000220   0x00000002   Code   RO          782    .ARM.Collect$$libinit$$00000033  c_w.l(libinit2.o)
    0x08000222   0x00000002   Code   RO          905    .ARM.Collect$$libshutdown$$00000000  c_w.l(libshutdown.o)
    0x08000224   0x00000000   Code   RO          869    .ARM.Collect$$libshutdown$$00000003  c_w.l(libshutdown2.o)
    0x08000224   0x00000000   Code   RO          872    .ARM.Collect$$libshutdown$$00000006  c_w.l(libshutdown2.o)
    0x08000224   0x00000000   Code   RO          875    .ARM.Collect$$libshutdown$$00000009  c_w.l(libshutdown2.o)
    0x08000224   0x00000000   Code   RO          877    .ARM.Collect$$libshutdown$$0000000B  c_w.l(libshutdown2.o)
    0x08000224   0x00000000   Code   RO          880    .ARM.Collect$$libshutdown$$0000000E  c_w.l(libshutdown2.o)
    0x08000224   0x00000002   Code   RO          881    .ARM.Collect$$libshutdown$$0000000F  c_w.l(libshutdown2.o)
    0x08000226   0x00000000   Code   RO          693    .ARM.Collect$$rtentry$$00000000  c_w.l(__rtentry.o)
    0x08000226   0x00000000   Code   RO          789    .ARM.Collect$$rtentry$$00000002  c_w.l(__rtentry2.o)
    0x08000226   0x00000006   Code   RO          801    .ARM.Collect$$rtentry$$00000004  c_w.l(__rtentry4.o)
    0x0800022c   0x00000000   Code   RO          791    .ARM.Collect$$rtentry$$00000009  c_w.l(__rtentry2.o)
    0x0800022c   0x00000004   Code   RO          792    .ARM.Collect$$rtentry$$0000000A  c_w.l(__rtentry2.o)
    0x08000230   0x00000000   Code   RO          794    .ARM.Collect$$rtentry$$0000000C  c_w.l(__rtentry2.o)
    0x08000230   0x00000008   Code   RO          795    .ARM.Collect$$rtentry$$0000000D  c_w.l(__rtentry2.o)
    0x08000238   0x00000002   Code   RO          859    .ARM.Collect$$rtexit$$00000000  c_w.l(rtexit.o)
    0x0800023a   0x00000000   Code   RO          883    .ARM.Collect$$rtexit$$00000002  c_w.l(rtexit2.o)
    0x0800023a   0x00000004   Code   RO          884    .ARM.Collect$$rtexit$$00000003  c_w.l(rtexit2.o)
    0x0800023e   0x00000006   Code   RO          885    .ARM.Collect$$rtexit$$00000004  c_w.l(rtexit2.o)
    0x08000244   0x00000000   Code   RO          807    .emb_text           c_w.l(maybetermalloc1.o)
    0x08000244   0x0000012c   Code   RO            1    .text               ring.o
    0x08000370   0x00000050   Code   RO           40    .text               main.o
    0x080003c0   0x000001a4   Code   RO           58    .text               usart.o
    0x08000564   0x00000050   Code   RO          205    .text               itm_retarget.o
    0x080005b4   0x00000150   Code   RO          285    .text               stm32f4xx_hal.o
    0x08000704   0x000001d8   Code   RO          311    .text               stm32f4xx_hal_cortex.o
    0x080008dc   0x000002b4   Code   RO          339    .text               stm32f4xx_hal_gpio.o
    0x08000b90   0x000007f8   Code   RO          411    .text               stm32f4xx_hal_rcc.o
    0x08001388   0x00000040   Code   RO          463  * .text               startup_stm32f401xc.o
    0x080013c8   0x000000c8   Code   RO          470    .text               system_stm32f4xx.o
    0x08001490   0x00002d18   Code   RO          500    .text               stm32f4xx_hal_dma.o
    0x080041a8   0x00000c1c   Code   RO          548    .text               stm32f4xx_hal_uart.o
    0x08004dc4   0x00000002   Code   RO          595    .text               c_w.l(use_no_semi.o)
    0x08004dc6   0x0000005e   Code   RO          599    .text               c_w.l(h1_alloc.o)
    0x08004e24   0x00000018   Code   RO          655    .text               c_w.l(noretval__2printf.o)
    0x08004e3c   0x00000068   Code   RO          657    .text               c_w.l(__printf.o)
    0x08004ea4   0x00000052   Code   RO          659    .text               c_w.l(_printf_str.o)
    0x08004ef6   0x00000010   Code   RO          683    .text               c_w.l(abort.o)
    0x08004f06   0x0000003e   Code   RO          685    .text               c_w.l(strlen.o)
    0x08004f44   0x00000006   Code   RO          687    .text               c_w.l(heapauxi.o)
    0x08004f4a   0x00000002   PAD
    0x08004f4c   0x00000008   Code   RO          697    .text               c_w.l(rt_heap_descriptor_intlibspace.o)
    0x08004f54   0x00000004   Code   RO          699    .text               c_w.l(hguard.o)
    0x08004f58   0x0000008a   Code   RO          701    .text               c_w.l(init_alloc.o)
    0x08004fe2   0x0000000e   Code   RO          707    .text               c_w.l(h1_init.o)
    0x08004ff0   0x0000004e   Code   RO          709    .text               c_w.l(h1_free.o)
    0x0800503e   0x0000002c   Code   RO          725    .text               c_w.l(_printf_char.o)
    0x0800506a   0x00000002   PAD
    0x0800506c   0x00000024   Code   RO          727    .text               c_w.l(_printf_char_file.o)
    0x08005090   0x0000000e   Code   RO          730    .text               c_w.l(defsig_abrt_outer.o)
    0x0800509e   0x00000002   PAD
    0x080050a0   0x00000008   Code   RO          785    .text               c_w.l(libspace.o)
    0x080050a8   0x00000034   Code   RO          809    .text               c_w.l(h1_extend.o)
    0x080050dc   0x00000030   Code   RO          813    .text               c_w.l(_printf_char_common.o)
    0x0800510c   0x00000008   Code   RO          815    .text               c_w.l(ferror.o)
    0x08005114   0x0000000a   Code   RO          819    .text               c_w.l(defsig_exit.o)
    0x0800511e   0x00000002   PAD
    0x08005120   0x00000030   Code   RO          821    .text               c_w.l(defsig_abrt_inner.o)
    0x08005150   0x0000000e   Code   RO          823    .text               c_w.l(defsig_rtmem_outer.o)
    0x0800515e   0x0000004a   Code   RO          835    .text               c_w.l(sys_stackheap_outer.o)
    0x080051a8   0x0000000c   Code   RO          841    .text               c_w.l(exit.o)
    0x080051b4   0x00000032   Code   RO          845    .text               c_w.l(defsig_general.o)
    0x080051e6   0x00000002   PAD
    0x080051e8   0x00000050   Code   RO          847    .text               c_w.l(defsig_rtmem_inner.o)
    0x08005238   0x0000000a   Code   RO          832    x$fpl$fpinit        fz_wm.l(fpinit.o)
    0x08005242   0x00000010   Data   RO          412    .constdata          stm32f4xx_hal_rcc.o
    0x08005252   0x00000002   PAD
    0x08005254   0x00000020   Data   RO          906    Region$$Table       anon$$obj.o


    Execution Region ER_RW (Base: 0x20000000, Size: 0x00000020, Max: 0xffffffff, ABSOLUTE)

    Base Addr    Size         Type   Attr      Idx    E Section Name        Object

    0x20000000   0x00000004   Data   RW          206    .data               itm_retarget.o
    0x20000004   0x00000004   Data   RW          207    .data               itm_retarget.o
    0x20000008   0x00000004   Data   RW          286    .data               stm32f4xx_hal.o
    0x2000000c   0x00000014   Data   RW          471    .data               system_stm32f4xx.o


    Execution Region ER_ZI (Base: 0x20000020, Size: 0x000007a0, Max: 0xffffffff, ABSOLUTE)

    Base Addr    Size         Type   Attr      Idx    E Section Name        Object

    0x20000020   0x0000013c   Zero   RW           59    .bss                usart.o
    0x2000015c   0x00000060   Zero   RW          786    .bss                c_w.l(libspace.o)
    0x200001bc   0x00000004   PAD
    0x200001c0   0x00000200   Zero   RW          461    HEAP                startup_stm32f401xc.o
    0x200003c0   0x00000400   Zero   RW          460    STACK               startup_stm32f401xc.o


==============================================================================

Image component sizes


      Code (inc. data)   RO Data    RW Data    ZI Data      Debug   Object Name

         0          0          0          0          0      22976   core.o
        80         12          0          8          0      29626   itm_retarget.o
        80         16          0          0          0        499   main.o
       300         32          0          0          0       8429   ring.o
        64         26        404          0       1536        848   startup_stm32f401xc.o
       336         24          0          4          0       4728   stm32f4xx_hal.o
       472         10          0          0          0      31262   stm32f4xx_hal_cortex.o
     11544        164          0          0          0       6420   stm32f4xx_hal_dma.o
       692         54          0          0          0       4447   stm32f4xx_hal_gpio.o
      2040         74         16          0          0       5792   stm32f4xx_hal_rcc.o
      3100         28          0          0          0      10907   stm32f4xx_hal_uart.o
       200         26          0         20          0       1579   system_stm32f4xx.o
       420         58          0          0        316     195922   usart.o

    ----------------------------------------------------------------------
     19328        524        454         32       1852     323435   Object Totals
         0          0         32          0          0          0   (incl. Generated)
         0          0          2          0          0          0   (incl. Padding)

    ----------------------------------------------------------------------

      Code (inc. data)   RO Data    RW Data    ZI Data      Debug   Library Member Name

         8          0          0          0          0         68   __main.o
       104          0          0          0          0         84   __printf.o
         0          0          0          0          0          0   __rtentry.o
        12          0          0          0          0          0   __rtentry2.o
         6          0          0          0          0          0   __rtentry4.o
        52          8          0          0          0          0   __scatter.o
        26          0          0          0          0          0   __scatter_copy.o
        28          0          0          0          0          0   __scatter_zi.o
         6          0          0          0          0          0   _printf_c.o
        44          0          0          0          0        108   _printf_char.o
        48          6          0          0          0         96   _printf_char_common.o
        36          4          0          0          0         80   _printf_char_file.o
         0          0          0          0          0          0   _printf_percent.o
         4          0          0          0          0          0   _printf_percent_end.o
        82          0          0          0          0         80   _printf_str.o
        16          0          0          0          0         72   abort.o
        48         34          0          0          0         76   defsig_abrt_inner.o
        14          0          0          0          0         80   defsig_abrt_outer.o
        10          0          0          0          0         68   defsig_exit.o
        50          0          0          0          0         88   defsig_general.o
        80         58          0          0          0         76   defsig_rtmem_inner.o
        14          0          0          0          0         80   defsig_rtmem_outer.o
        12          0          0          0          0         72   exit.o
         8          0          0          0          0         68   ferror.o
        94          0          0          0          0         80   h1_alloc.o
        52          0          0          0          0         68   h1_extend.o
        78          0          0          0          0         80   h1_free.o
        14          0          0          0          0         84   h1_init.o
         6          0          0          0          0        152   heapauxi.o
         4          0          0          0          0        136   hguard.o
       138          0          0          0          0        168   init_alloc.o
         2          0          0          0          0          0   libinit.o
        14          0          0          0          0          0   libinit2.o
         2          0          0          0          0          0   libshutdown.o
         2          0          0          0          0          0   libshutdown2.o
         8          4          0          0         96         68   libspace.o
         0          0          0          0          0          0   maybetermalloc1.o
        24          4          0          0          0         84   noretval__2printf.o
         8          4          0          0          0         68   rt_heap_descriptor_intlibspace.o
         2          0          0          0          0          0   rtexit.o
        10          0          0          0          0          0   rtexit2.o
        62          0          0          0          0         76   strlen.o
        74          0          0          0          0         80   sys_stackheap_outer.o
         2          0          0          0          0         68   use_no_semi.o
        10          0          0          0          0        116   fpinit.o

    ----------------------------------------------------------------------
      1326        122          0          0        100       2524   Library Totals
        12          0          0          0          4          0   (incl. Padding)

    ----------------------------------------------------------------------

      Code (inc. data)   RO Data    RW Data    ZI Data      Debug   Library Name

      1304        122          0          0         96       2408   c_w.l
        10          0          0          0          0        116   fz_wm.l

    ----------------------------------------------------------------------
      1326        122          0          0        100       2524   Library Totals

    ----------------------------------------------------------------------

==============================================================================


      Code (inc. data)   RO Data    RW Data    ZI Data      Debug   

     20654        646        454         32       1952     321859   Grand Totals
     20654        646        454         32       1952     321859   ELF Image Totals
     20654        646        454         32          0          0   ROM Totals

==============================================================================

    Total RO  Size (Code + RO Data)                21108 (  20.61kB)
    Total RW  Size (RW Data + ZI Data)              1984 (   1.94kB)
    Total ROM Size (Code + RO Data + RW Data)      21140 (  20.64kB)

==============================================================================

